Component: ARM Compiler 5.06 update 6 (build 750) Tool: armlink [4d35ed]

==============================================================================

Section Cross References

    main.o(i.main) refers to misc.o(i.NVIC_PriorityGroupConfig) for NVIC_PriorityGroupConfig
    main.o(i.main) refers to usart.o(i.Serial_Init) for Serial_Init
    main.o(i.main) refers to motor_timer.o(i.Motor_Timer_Init) for Motor_Timer_Init
    main.o(i.main) refers to mycan.o(i.MyCAN_Init) for MyCAN_Init
    main.o(i.main) refers to vofa.o(i.Vofa_Init) for Vofa_Init
    main.o(i.main) refers to motor_timer.o(i.Motor_Timer_GetTick) for Motor_Timer_GetTick
    main.o(i.main) refers to motor.o(i.Motor_Test_Init) for Motor_Test_Init
    main.o(i.main) refers to motor.o(i.Motor_Test_PrintHelp) for Motor_Test_PrintHelp
    main.o(i.main) refers to mycan.o(i.MyCAN_GetMotorFeedback) for MyCAN_GetMotorFeedback
    main.o(i.main) refers to motor.o(i.Motor_Test_HandleCommand) for Motor_Test_HandleCommand
    main.o(i.main) refers to usart.o(i.Serial_ReadByte) for Serial_ReadByte
    main.o(i.main) refers to motor.o(i.Motor_Test_Update) for Motor_Test_Update
    main.o(i.main) refers to motor.o(i.Motor_Test_GetCommandRaw) for Motor_Test_GetCommandRaw
    main.o(i.main) refers to mycan.o(i.MyCAN_SendMotorCommand) for MyCAN_SendMotorCommand
    main.o(i.main) refers to motor.o(i.Motor_Test_GetStatus) for Motor_Test_GetStatus
    main.o(i.main) refers to vofa.o(i.Vofa_SendMotorStatus) for Vofa_SendMotorStatus
    main.o(i.main) refers to main.o(.data) for last_control_ms
    system_stm32f4xx.o(i.SystemCoreClockUpdate) refers to system_stm32f4xx.o(.data) for SystemCoreClock
    system_stm32f4xx.o(i.SystemInit) refers to system_stm32f4xx.o(i.SetSysClock) for SetSysClock
    stm32f4xx_adc.o(i.ADC_DeInit) refers to stm32f4xx_rcc.o(i.RCC_APB2PeriphResetCmd) for RCC_APB2PeriphResetCmd
    stm32f4xx_can.o(i.CAN_DeInit) refers to stm32f4xx_rcc.o(i.RCC_APB1PeriphResetCmd) for RCC_APB1PeriphResetCmd
    stm32f4xx_can.o(i.CAN_GetITStatus) refers to stm32f4xx_can.o(i.CheckITStatus) for CheckITStatus
    stm32f4xx_cryp.o(i.CRYP_DeInit) refers to stm32f4xx_rcc.o(i.RCC_AHB2PeriphResetCmd) for RCC_AHB2PeriphResetCmd
    stm32f4xx_cryp_aes.o(i.CRYP_AES_CBC) refers to stm32f4xx_cryp.o(i.CRYP_KeyStructInit) for CRYP_KeyStructInit
    stm32f4xx_cryp_aes.o(i.CRYP_AES_CBC) refers to stm32f4xx_cryp.o(i.CRYP_FIFOFlush) for CRYP_FIFOFlush
    stm32f4xx_cryp_aes.o(i.CRYP_AES_CBC) refers to stm32f4xx_cryp.o(i.CRYP_Init) for CRYP_Init
    stm32f4xx_cryp_aes.o(i.CRYP_AES_CBC) refers to stm32f4xx_cryp.o(i.CRYP_KeyInit) for CRYP_KeyInit
    stm32f4xx_cryp_aes.o(i.CRYP_AES_CBC) refers to stm32f4xx_cryp.o(i.CRYP_Cmd) for CRYP_Cmd
    stm32f4xx_cryp_aes.o(i.CRYP_AES_CBC) refers to stm32f4xx_cryp.o(i.CRYP_GetFlagStatus) for CRYP_GetFlagStatus
    stm32f4xx_cryp_aes.o(i.CRYP_AES_CBC) refers to stm32f4xx_cryp.o(i.CRYP_IVInit) for CRYP_IVInit
    stm32f4xx_cryp_aes.o(i.CRYP_AES_CBC) refers to stm32f4xx_cryp.o(i.CRYP_GetCmdStatus) for CRYP_GetCmdStatus
    stm32f4xx_cryp_aes.o(i.CRYP_AES_CBC) refers to stm32f4xx_cryp.o(i.CRYP_DataIn) for CRYP_DataIn
    stm32f4xx_cryp_aes.o(i.CRYP_AES_CBC) refers to stm32f4xx_cryp.o(i.CRYP_DataOut) for CRYP_DataOut
    stm32f4xx_cryp_aes.o(i.CRYP_AES_CCM) refers to stm32f4xx_cryp.o(i.CRYP_KeyStructInit) for CRYP_KeyStructInit
    stm32f4xx_cryp_aes.o(i.CRYP_AES_CCM) refers to stm32f4xx_cryp.o(i.CRYP_FIFOFlush) for CRYP_FIFOFlush
    stm32f4xx_cryp_aes.o(i.CRYP_AES_CCM) refers to stm32f4xx_cryp.o(i.CRYP_KeyInit) for CRYP_KeyInit
    stm32f4xx_cryp_aes.o(i.CRYP_AES_CCM) refers to stm32f4xx_cryp.o(i.CRYP_IVInit) for CRYP_IVInit
    stm32f4xx_cryp_aes.o(i.CRYP_AES_CCM) refers to stm32f4xx_cryp.o(i.CRYP_Init) for CRYP_Init
    stm32f4xx_cryp_aes.o(i.CRYP_AES_CCM) refers to stm32f4xx_cryp.o(i.CRYP_PhaseConfig) for CRYP_PhaseConfig
    stm32f4xx_cryp_aes.o(i.CRYP_AES_CCM) refers to stm32f4xx_cryp.o(i.CRYP_DataIn) for CRYP_DataIn
    stm32f4xx_cryp_aes.o(i.CRYP_AES_CCM) refers to stm32f4xx_cryp.o(i.CRYP_Cmd) for CRYP_Cmd
    stm32f4xx_cryp_aes.o(i.CRYP_AES_CCM) refers to stm32f4xx_cryp.o(i.CRYP_GetCmdStatus) for CRYP_GetCmdStatus
    stm32f4xx_cryp_aes.o(i.CRYP_AES_CCM) refers to stm32f4xx_cryp.o(i.CRYP_GetFlagStatus) for CRYP_GetFlagStatus
    stm32f4xx_cryp_aes.o(i.CRYP_AES_CCM) refers to stm32f4xx_cryp.o(i.CRYP_DataOut) for CRYP_DataOut
    stm32f4xx_cryp_aes.o(i.CRYP_AES_CTR) refers to stm32f4xx_cryp.o(i.CRYP_KeyStructInit) for CRYP_KeyStructInit
    stm32f4xx_cryp_aes.o(i.CRYP_AES_CTR) refers to stm32f4xx_cryp.o(i.CRYP_KeyInit) for CRYP_KeyInit
    stm32f4xx_cryp_aes.o(i.CRYP_AES_CTR) refers to stm32f4xx_cryp.o(i.CRYP_Init) for CRYP_Init
    stm32f4xx_cryp_aes.o(i.CRYP_AES_CTR) refers to stm32f4xx_cryp.o(i.CRYP_IVInit) for CRYP_IVInit
    stm32f4xx_cryp_aes.o(i.CRYP_AES_CTR) refers to stm32f4xx_cryp.o(i.CRYP_FIFOFlush) for CRYP_FIFOFlush
    stm32f4xx_cryp_aes.o(i.CRYP_AES_CTR) refers to stm32f4xx_cryp.o(i.CRYP_Cmd) for CRYP_Cmd
[...]
    Removing stm32f4xx_i2c.o(i.I2C_Init), (232 bytes).
    Removing stm32f4xx_i2c.o(i.I2C_NACKPositionConfig), (28 bytes).
    Removing stm32f4xx_i2c.o(i.I2C_OwnAddress2Config), (22 bytes).
    Removing stm32f4xx_i2c.o(i.I2C_PECPositionConfig), (28 bytes).
    Removing stm32f4xx_i2c.o(i.I2C_ReadRegister), (22 bytes).
    Removing stm32f4xx_i2c.o(i.I2C_ReceiveData), (8 bytes).
    Removing stm32f4xx_i2c.o(i.I2C_SMBusAlertConfig), (28 bytes).
    Removing stm32f4xx_i2c.o(i.I2C_Send7bitAddress), (16 bytes).
    Removing stm32f4xx_i2c.o(i.I2C_SendData), (4 bytes).
    Removing stm32f4xx_i2c.o(i.I2C_SoftwareResetCmd), (22 bytes).
    Removing stm32f4xx_i2c.o(i.I2C_StretchClockCmd), (24 bytes).
    Removing stm32f4xx_i2c.o(i.I2C_StructInit), (30 bytes).
    Removing stm32f4xx_i2c.o(i.I2C_TransmitPEC), (24 bytes).
    Removing stm32f4xx_iwdg.o(.rev16_text), (4 bytes).
    Removing stm32f4xx_iwdg.o(.revsh_text), (4 bytes).
    Removing stm32f4xx_iwdg.o(.rrx_text), (6 bytes).
    Removing stm32f4xx_iwdg.o(i.IWDG_Enable), (16 bytes).
    Removing stm32f4xx_iwdg.o(i.IWDG_GetFlagStatus), (24 bytes).
    Removing stm32f4xx_iwdg.o(i.IWDG_ReloadCounter), (16 bytes).
    Removing stm32f4xx_iwdg.o(i.IWDG_SetPrescaler), (12 bytes).
    Removing stm32f4xx_iwdg.o(i.IWDG_SetReload), (12 bytes).
    Removing stm32f4xx_iwdg.o(i.IWDG_WriteAccessCmd), (12 bytes).
    Removing stm32f4xx_lptim.o(.rev16_text), (4 bytes).
    Removing stm32f4xx_lptim.o(.revsh_text), (4 bytes).
    Removing stm32f4xx_lptim.o(.rrx_text), (6 bytes).
    Removing stm32f4xx_ltdc.o(.rev16_text), (4 bytes).
    Removing stm32f4xx_ltdc.o(.revsh_text), (4 bytes).
    Removing stm32f4xx_ltdc.o(.rrx_text), (6 bytes).
    Removing stm32f4xx_ltdc.o(i.LTDC_CLUTCmd), (32 bytes).
    Removing stm32f4xx_ltdc.o(i.LTDC_CLUTInit), (32 bytes).
    Removing stm32f4xx_ltdc.o(i.LTDC_CLUTStructInit), (12 bytes).
    Removing stm32f4xx_ltdc.o(i.LTDC_ClearFlag), (12 bytes).
    Removing stm32f4xx_ltdc.o(i.LTDC_ClearITPendingBit), (12 bytes).
    Removing stm32f4xx_ltdc.o(i.LTDC_Cmd), (36 bytes).
    Removing stm32f4xx_ltdc.o(i.LTDC_ColorKeyingConfig), (68 bytes).
    Removing stm32f4xx_ltdc.o(i.LTDC_ColorKeyingStructInit), (10 bytes).
    Removing stm32f4xx_ltdc.o(i.LTDC_DeInit), (22 bytes).
    Removing stm32f4xx_ltdc.o(i.LTDC_DitherCmd), (36 bytes).
    Removing stm32f4xx_ltdc.o(i.LTDC_GetCDStatus), (24 bytes).
    Removing stm32f4xx_ltdc.o(i.LTDC_GetFlagStatus), (24 bytes).
    Removing stm32f4xx_ltdc.o(i.LTDC_GetITStatus), (44 bytes).
    Removing stm32f4xx_ltdc.o(i.LTDC_GetPosStatus), (44 bytes).
    Removing stm32f4xx_ltdc.o(i.LTDC_GetRGBWidth), (64 bytes).
    Removing stm32f4xx_ltdc.o(i.LTDC_ITConfig), (32 bytes).
    Removing stm32f4xx_ltdc.o(i.LTDC_Init), (392 bytes).
    Removing stm32f4xx_ltdc.o(i.LTDC_LIPConfig), (12 bytes).
    Removing stm32f4xx_ltdc.o(i.LTDC_LayerAddress), (4 bytes).
    Removing stm32f4xx_ltdc.o(i.LTDC_LayerAlpha), (4 bytes).
    Removing stm32f4xx_ltdc.o(i.LTDC_LayerCmd), (22 bytes).
    Removing stm32f4xx_ltdc.o(i.LTDC_LayerInit), (276 bytes).
    Removing stm32f4xx_ltdc.o(i.LTDC_LayerPixelFormat), (106 bytes).
    Removing stm32f4xx_ltdc.o(i.LTDC_LayerPosition), (160 bytes).
    Removing stm32f4xx_ltdc.o(i.LTDC_LayerSize), (116 bytes).
    Removing stm32f4xx_ltdc.o(i.LTDC_LayerStructInit), (48 bytes).
    Removing stm32f4xx_ltdc.o(i.LTDC_PosStructInit), (8 bytes).
    Removing stm32f4xx_ltdc.o(i.LTDC_RGBStructInit), (10 bytes).
    Removing stm32f4xx_ltdc.o(i.LTDC_ReloadConfig), (12 bytes).
    Removing stm32f4xx_ltdc.o(i.LTDC_StructInit), (34 bytes).
    Removing stm32f4xx_pwr.o(.rev16_text), (4 bytes).
    Removing stm32f4xx_pwr.o(.revsh_text), (4 bytes).
    Removing stm32f4xx_pwr.o(.rrx_text), (6 bytes).
    Removing stm32f4xx_pwr.o(i.PWR_BackupAccessCmd), (12 bytes).
    Removing stm32f4xx_pwr.o(i.PWR_BackupRegulatorCmd), (12 bytes).
    Removing stm32f4xx_pwr.o(i.PWR_ClearFlag), (20 bytes).
    Removing stm32f4xx_pwr.o(i.PWR_DeInit), (22 bytes).
    Removing stm32f4xx_pwr.o(i.PWR_EnterSTANDBYMode), (40 bytes).
    Removing stm32f4xx_pwr.o(i.PWR_EnterSTOPMode), (68 bytes).
    Removing stm32f4xx_pwr.o(i.PWR_EnterUnderDriveSTOPMode), (68 bytes).
    Removing stm32f4xx_pwr.o(i.PWR_FlashPowerDownCmd), (12 bytes).
    Removing stm32f4xx_pwr.o(i.PWR_GetFlagStatus), (24 bytes).
    Removing stm32f4xx_pwr.o(i.PWR_MainRegulatorModeConfig), (24 bytes).
    Removing stm32f4xx_pwr.o(i.PWR_OverDriveCmd), (12 bytes).
    Removing stm32f4xx_pwr.o(i.PWR_OverDriveSWCmd), (12 bytes).
    Removing stm32f4xx_pwr.o(i.PWR_PVDCmd), (12 bytes).
    Removing stm32f4xx_pwr.o(i.PWR_PVDLevelConfig), (24 bytes).
    Removing stm32f4xx_pwr.o(i.PWR_UnderDriveCmd), (36 bytes).
    Removing stm32f4xx_pwr.o(i.PWR_WakeUpPinCmd), (12 bytes).
    Removing stm32f4xx_qspi.o(.rev16_text), (4 bytes).
    Removing stm32f4xx_qspi.o(.revsh_text), (4 bytes).
    Removing stm32f4xx_qspi.o(.rrx_text), (6 bytes).
    Removing stm32f4xx_rcc.o(.rev16_text), (4 bytes).
    Removing stm32f4xx_rcc.o(.revsh_text), (4 bytes).
    Removing stm32f4xx_rcc.o(.rrx_text), (6 bytes).
    Removing stm32f4xx_rcc.o(i.RCC_AHB1PeriphClockLPModeCmd), (32 bytes).
    Removing stm32f4xx_rcc.o(i.RCC_AHB1PeriphResetCmd), (32 bytes).
    Removing stm32f4xx_rcc.o(i.RCC_AHB2PeriphClockCmd), (32 bytes).
    Removing stm32f4xx_rcc.o(i.RCC_AHB2PeriphClockLPModeCmd), (32 bytes).
    Removing stm32f4xx_rcc.o(i.RCC_AHB2PeriphResetCmd), (32 bytes).
    Removing stm32f4xx_rcc.o(i.RCC_AHB3PeriphClockCmd), (32 bytes).
    Removing stm32f4xx_rcc.o(i.RCC_AHB3PeriphClockLPModeCmd), (32 bytes).
    Removing stm32f4xx_rcc.o(i.RCC_AHB3PeriphResetCmd), (32 bytes).
    Removing stm32f4xx_rcc.o(i.RCC_APB1PeriphClockLPModeCmd), (32 bytes).
    Removing stm32f4xx_rcc.o(i.RCC_APB2PeriphClockLPModeCmd), (32 bytes).
    Removing stm32f4xx_rcc.o(i.RCC_APB2PeriphResetCmd), (32 bytes).
    Removing stm32f4xx_rcc.o(i.RCC_AdjustHSICalibrationValue), (24 bytes).
    Removing stm32f4xx_rcc.o(i.RCC_BackupResetCmd), (12 bytes).
    Removing stm32f4xx_rcc.o(i.RCC_ClearFlag), (20 bytes).
    Removing stm32f4xx_rcc.o(i.RCC_ClearITPendingBit), (12 bytes).
    Removing stm32f4xx_rcc.o(i.RCC_ClockSecuritySystemCmd), (12 bytes).
    Removing stm32f4xx_rcc.o(i.RCC_DeInit), (100 bytes).
    Removing stm32f4xx_rcc.o(i.RCC_GetFlagStatus), (64 bytes).
    Removing stm32f4xx_rcc.o(i.RCC_GetITStatus), (24 bytes).
    Removing stm32f4xx_rcc.o(i.RCC_GetSYSCLKSource), (16 bytes).
    Removing stm32f4xx_rcc.o(i.RCC_HCLKConfig), (24 bytes).
    Removing stm32f4xx_rcc.o(i.RCC_HSEConfig), (16 bytes).
    Removing stm32f4xx_rcc.o(i.RCC_HSICmd), (12 bytes).
    Removing stm32f4xx_rcc.o(i.RCC_I2SCLKConfig), (12 bytes).
    Removing stm32f4xx_rcc.o(i.RCC_ITConfig), (32 bytes).
    Removing stm32f4xx_rcc.o(i.RCC_LSEConfig), (44 bytes).
    Removing stm32f4xx_rcc.o(i.RCC_LSEModeConfig), (36 bytes).
    Removing stm32f4xx_rcc.o(i.RCC_LSICmd), (12 bytes).
    Removing stm32f4xx_rcc.o(i.RCC_LTDCCLKDivConfig), (24 bytes).
    Removing stm32f4xx_rcc.o(i.RCC_MCO1Config), (28 bytes).
    Removing stm32f4xx_rcc.o(i.RCC_MCO2Config), (28 bytes).
    Removing stm32f4xx_rcc.o(i.RCC_PCLK1Config), (24 bytes).
    Removing stm32f4xx_rcc.o(i.RCC_PCLK2Config), (24 bytes).
    Removing stm32f4xx_rcc.o(i.RCC_PLLCmd), (12 bytes).
    Removing stm32f4xx_rcc.o(i.RCC_PLLConfig), (36 bytes).
    Removing stm32f4xx_rcc.o(i.RCC_PLLI2SCmd), (12 bytes).
    Removing stm32f4xx_rcc.o(i.RCC_PLLI2SConfig), (16 bytes).
    Removing stm32f4xx_rcc.o(i.RCC_PLLSAICmd), (12 bytes).
    Removing stm32f4xx_rcc.o(i.RCC_PLLSAIConfig), (24 bytes).
    Removing stm32f4xx_rcc.o(i.RCC_RTCCLKCmd), (12 bytes).
    Removing stm32f4xx_rcc.o(i.RCC_RTCCLKConfig), (60 bytes).
    Removing stm32f4xx_rcc.o(i.RCC_SAIBlockACLKConfig), (24 bytes).
    Removing stm32f4xx_rcc.o(i.RCC_SAIBlockBCLKConfig), (24 bytes).
    Removing stm32f4xx_rcc.o(i.RCC_SAIPLLI2SClkDivConfig), (28 bytes).
    Removing stm32f4xx_rcc.o(i.RCC_SAIPLLSAIClkDivConfig), (28 bytes).
    Removing stm32f4xx_rcc.o(i.RCC_SYSCLKConfig), (24 bytes).
    Removing stm32f4xx_rcc.o(i.RCC_TIMCLKPresConfig), (12 bytes).
    Removing stm32f4xx_rcc.o(i.RCC_WaitForHSEStartUp), (56 bytes).
    Removing stm32f4xx_rng.o(.rev16_text), (4 bytes).
    Removing stm32f4xx_rng.o(.revsh_text), (4 bytes).
    Removing stm32f4xx_rng.o(.rrx_text), (6 bytes).
    Removing stm32f4xx_rng.o(i.RNG_ClearFlag), (16 bytes).
    Removing stm32f4xx_rng.o(i.RNG_ClearITPendingBit), (16 bytes).
    Removing stm32f4xx_rng.o(i.RNG_Cmd), (36 bytes).
    Removing stm32f4xx_rng.o(i.RNG_DeInit), (20 bytes).
    Removing stm32f4xx_rng.o(i.RNG_GetFlagStatus), (24 bytes).
    Removing stm32f4xx_rng.o(i.RNG_GetITStatus), (24 bytes).
    Removing stm32f4xx_rng.o(i.RNG_GetRandomNumber), (12 bytes).
    Removing stm32f4xx_rng.o(i.RNG_ITConfig), (36 bytes).
    Removing stm32f4xx_rtc.o(.rev16_text), (4 bytes).
    Removing stm32f4xx_rtc.o(.revsh_text), (4 bytes).
    Removing stm32f4xx_rtc.o(.rrx_text), (6 bytes).
    Removing stm32f4xx_rtc.o(i.RTC_AlarmCmd), (116 bytes).
    Removing stm32f4xx_rtc.o(i.RTC_AlarmStructInit), (22 bytes).
    Removing stm32f4xx_rtc.o(i.RTC_AlarmSubSecondConfig), (52 bytes).
    Removing stm32f4xx_rtc.o(i.RTC_Bcd2ToByte), (22 bytes).
    Removing stm32f4xx_rtc.o(i.RTC_BypassShadowCmd), (60 bytes).
    Removing stm32f4xx_rtc.o(i.RTC_ByteToBcd2), (28 bytes).
    Removing stm32f4xx_rtc.o(i.RTC_CalibOutputCmd), (60 bytes).
    Removing stm32f4xx_rtc.o(i.RTC_CalibOutputConfig), (48 bytes).
    Removing stm32f4xx_rtc.o(i.RTC_ClearFlag), (28 bytes).
    Removing stm32f4xx_rtc.o(i.RTC_ClearITPendingBit), (32 bytes).
    Removing stm32f4xx_rtc.o(i.RTC_CoarseCalibCmd), (80 bytes).
    Removing stm32f4xx_rtc.o(i.RTC_CoarseCalibConfig), (56 bytes).
    Removing stm32f4xx_rtc.o(i.RTC_DateStructInit), (14 bytes).
    Removing stm32f4xx_rtc.o(i.RTC_DayLightSavingConfig), (56 bytes).
    Removing stm32f4xx_rtc.o(i.RTC_DeInit), (212 bytes).
    Removing stm32f4xx_rtc.o(i.RTC_EnterInitMode), (80 bytes).
    Removing stm32f4xx_rtc.o(i.RTC_ExitInitMode), (20 bytes).
    Removing stm32f4xx_rtc.o(i.RTC_GetAlarm), (116 bytes).
    Removing stm32f4xx_rtc.o(i.RTC_GetAlarmSubSecond), (36 bytes).
    Removing stm32f4xx_rtc.o(i.RTC_GetDate), (76 bytes).
    Removing stm32f4xx_rtc.o(i.RTC_GetFlagStatus), (40 bytes).
    Removing stm32f4xx_rtc.o(i.RTC_GetITStatus), (68 bytes).
    Removing stm32f4xx_rtc.o(i.RTC_GetStoreOperation), (16 bytes).
    Removing stm32f4xx_rtc.o(i.RTC_GetSubSecond), (20 bytes).
    Removing stm32f4xx_rtc.o(i.RTC_GetTime), (80 bytes).
    Removing stm32f4xx_rtc.o(i.RTC_GetTimeStamp), (156 bytes).
    Removing stm32f4xx_rtc.o(i.RTC_GetTimeStampSubSecond), (12 bytes).
    Removing stm32f4xx_rtc.o(i.RTC_GetWakeUpCounter), (12 bytes).
    Removing stm32f4xx_rtc.o(i.RTC_ITConfig), (100 bytes).
    Removing stm32f4xx_rtc.o(i.RTC_Init), (100 bytes).
    Removing stm32f4xx_rtc.o(i.RTC_OutputConfig), (56 bytes).
    Removing stm32f4xx_rtc.o(i.RTC_OutputTypeConfig), (28 bytes).
    Removing stm32f4xx_rtc.o(i.RTC_ReadBackupRegister), (32 bytes).
    Removing stm32f4xx_rtc.o(i.RTC_RefClockCmd), (80 bytes).
    Removing stm32f4xx_rtc.o(i.RTC_SetAlarm), (236 bytes).
    Removing stm32f4xx_rtc.o(i.RTC_SetDate), (200 bytes).
    Removing stm32f4xx_rtc.o(i.RTC_SetTime), (208 bytes).
    Removing stm32f4xx_rtc.o(i.RTC_SetWakeUpCounter), (28 bytes).
    Removing stm32f4xx_rtc.o(i.RTC_SmoothCalibConfig), (96 bytes).
    Removing stm32f4xx_rtc.o(i.RTC_StructInit), (14 bytes).
    Removing stm32f4xx_rtc.o(i.RTC_SynchroShiftConfig), (124 bytes).
    Removing stm32f4xx_rtc.o(i.RTC_TamperCmd), (32 bytes).
    Removing stm32f4xx_rtc.o(i.RTC_TamperFilterConfig), (28 bytes).
    Removing stm32f4xx_rtc.o(i.RTC_TamperPinSelection), (28 bytes).
    Removing stm32f4xx_rtc.o(i.RTC_TamperPinsPrechargeDuration), (28 bytes).
    Removing stm32f4xx_rtc.o(i.RTC_TamperPullUpCmd), (36 bytes).
    Removing stm32f4xx_rtc.o(i.RTC_TamperSamplingFreqConfig), (28 bytes).
    Removing stm32f4xx_rtc.o(i.RTC_TamperTriggerConfig), (36 bytes).
    Removing stm32f4xx_rtc.o(i.RTC_TimeStampCmd), (56 bytes).
    Removing stm32f4xx_rtc.o(i.RTC_TimeStampOnTamperDetectionCmd), (36 bytes).
    Removing stm32f4xx_rtc.o(i.RTC_TimeStampPinSelection), (28 bytes).
    Removing stm32f4xx_rtc.o(i.RTC_TimeStructInit), (12 bytes).
    Removing stm32f4xx_rtc.o(i.RTC_WaitForSynchro), (96 bytes).
    Removing stm32f4xx_rtc.o(i.RTC_WakeUpClockConfig), (48 bytes).
    Removing stm32f4xx_rtc.o(i.RTC_WakeUpCmd), (120 bytes).
    Removing stm32f4xx_rtc.o(i.RTC_WriteBackupRegister), (28 bytes).
    Removing stm32f4xx_rtc.o(i.RTC_WriteProtectionCmd), (28 bytes).
    Removing stm32f4xx_sai.o(.rev16_text), (4 bytes).
    Removing stm32f4xx_sai.o(.revsh_text), (4 bytes).
    Removing stm32f4xx_sai.o(.rrx_text), (6 bytes).
    Removing stm32f4xx_sai.o(i.SAI_ClearFlag), (8 bytes).
    Removing stm32f4xx_sai.o(i.SAI_ClearITPendingBit), (8 bytes).
    Removing stm32f4xx_sai.o(i.SAI_Cmd), (22 bytes).
    Removing stm32f4xx_sai.o(i.SAI_CompandingModeConfig), (16 bytes).
    Removing stm32f4xx_sai.o(i.SAI_DMACmd), (22 bytes).
    Removing stm32f4xx_sai.o(i.SAI_DeInit), (36 bytes).
    Removing stm32f4xx_sai.o(i.SAI_FlushFIFO), (10 bytes).
    Removing stm32f4xx_sai.o(i.SAI_FrameInit), (44 bytes).
    Removing stm32f4xx_sai.o(i.SAI_FrameStructInit), (18 bytes).
    Removing stm32f4xx_sai.o(i.SAI_GetCmdStatus), (20 bytes).
    Removing stm32f4xx_sai.o(i.SAI_GetFIFOStatus), (12 bytes).
    Removing stm32f4xx_sai.o(i.SAI_GetFlagStatus), (18 bytes).
    Removing stm32f4xx_sai.o(i.SAI_GetITStatus), (30 bytes).
    Removing stm32f4xx_sai.o(i.SAI_ITConfig), (18 bytes).
    Removing stm32f4xx_sai.o(i.SAI_Init), (76 bytes).
    Removing stm32f4xx_sai.o(i.SAI_MonoModeConfig), (18 bytes).
    Removing stm32f4xx_sai.o(i.SAI_MuteFrameCounterConfig), (18 bytes).
    Removing stm32f4xx_sai.o(i.SAI_MuteModeCmd), (22 bytes).
    Removing stm32f4xx_sai.o(i.SAI_MuteValueConfig), (16 bytes).
    Removing stm32f4xx_sai.o(i.SAI_ReceiveData), (6 bytes).
    Removing stm32f4xx_sai.o(i.SAI_SendData), (4 bytes).
    Removing stm32f4xx_sai.o(i.SAI_SlotInit), (36 bytes).
    Removing stm32f4xx_sai.o(i.SAI_SlotStructInit), (16 bytes).
    Removing stm32f4xx_sai.o(i.SAI_StructInit), (30 bytes).
    Removing stm32f4xx_sai.o(i.SAI_TRIStateConfig), (18 bytes).
    Removing stm32f4xx_sdio.o(.rev16_text), (4 bytes).
    Removing stm32f4xx_sdio.o(.revsh_text), (4 bytes).
    Removing stm32f4xx_sdio.o(.rrx_text), (6 bytes).
    Removing stm32f4xx_sdio.o(i.SDIO_CEATAITCmd), (16 bytes).
    Removing stm32f4xx_sdio.o(i.SDIO_ClearFlag), (12 bytes).
    Removing stm32f4xx_sdio.o(i.SDIO_ClearITPendingBit), (12 bytes).
    Removing stm32f4xx_sdio.o(i.SDIO_ClockCmd), (12 bytes).
    Removing stm32f4xx_sdio.o(i.SDIO_CmdStructInit), (14 bytes).
    Removing stm32f4xx_sdio.o(i.SDIO_CommandCompletionCmd), (12 bytes).
    Removing stm32f4xx_sdio.o(i.SDIO_DMACmd), (12 bytes).
    Removing stm32f4xx_sdio.o(i.SDIO_DataConfig), (52 bytes).
    Removing stm32f4xx_sdio.o(i.SDIO_DataStructInit), (20 bytes).
    Removing stm32f4xx_sdio.o(i.SDIO_DeInit), (22 bytes).
    Removing stm32f4xx_sdio.o(i.SDIO_GetCommandResponse), (12 bytes).
    Removing stm32f4xx_sdio.o(i.SDIO_GetDataCounter), (12 bytes).
    Removing stm32f4xx_sdio.o(i.SDIO_GetFIFOCount), (12 bytes).
    Removing stm32f4xx_sdio.o(i.SDIO_GetFlagStatus), (24 bytes).
    Removing stm32f4xx_sdio.o(i.SDIO_GetITStatus), (24 bytes).
    Removing stm32f4xx_sdio.o(i.SDIO_GetPowerState), (16 bytes).
    Removing stm32f4xx_sdio.o(i.SDIO_GetResponse), (24 bytes).
    Removing stm32f4xx_sdio.o(i.SDIO_ITConfig), (32 bytes).
    Removing stm32f4xx_sdio.o(i.SDIO_Init), (48 bytes).
    Removing stm32f4xx_sdio.o(i.SDIO_ReadData), (12 bytes).
    Removing stm32f4xx_sdio.o(i.SDIO_SendCEATACmd), (12 bytes).
    Removing stm32f4xx_sdio.o(i.SDIO_SendCommand), (44 bytes).
    Removing stm32f4xx_sdio.o(i.SDIO_SendSDIOSuspendCmd), (12 bytes).
    Removing stm32f4xx_sdio.o(i.SDIO_SetPowerState), (12 bytes).
    Removing stm32f4xx_sdio.o(i.SDIO_SetSDIOOperation), (12 bytes).
    Removing stm32f4xx_sdio.o(i.SDIO_SetSDIOReadWaitMode), (12 bytes).
    Removing stm32f4xx_sdio.o(i.SDIO_StartSDIOReadWait), (12 bytes).
    Removing stm32f4xx_sdio.o(i.SDIO_StopSDIOReadWait), (12 bytes).
    Removing stm32f4xx_sdio.o(i.SDIO_StructInit), (16 bytes).
    Removing stm32f4xx_sdio.o(i.SDIO_WriteData), (12 bytes).
    Removing stm32f4xx_spdifrx.o(.rev16_text), (4 bytes).
    Removing stm32f4xx_spdifrx.o(.revsh_text), (4 bytes).
    Removing stm32f4xx_spdifrx.o(.rrx_text), (6 bytes).
    Removing stm32f4xx_spi.o(.rev16_text), (4 bytes).
    Removing stm32f4xx_spi.o(.revsh_text), (4 bytes).
    Removing stm32f4xx_spi.o(.rrx_text), (6 bytes).
    Removing stm32f4xx_spi.o(i.I2S_Cmd), (24 bytes).
    Removing stm32f4xx_spi.o(i.I2S_FullDuplexConfig), (80 bytes).
    Removing stm32f4xx_spi.o(i.I2S_Init), (420 bytes).
    Removing stm32f4xx_spi.o(i.I2S_StructInit), (20 bytes).
    Removing stm32f4xx_spi.o(i.SPI_BiDirectionalLineConfig), (28 bytes).
    Removing stm32f4xx_spi.o(i.SPI_CalculateCRC), (24 bytes).
    Removing stm32f4xx_spi.o(i.SPI_Cmd), (24 bytes).
    Removing stm32f4xx_spi.o(i.SPI_DataSizeConfig), (18 bytes).
    Removing stm32f4xx_spi.o(i.SPI_GetCRC), (16 bytes).
    Removing stm32f4xx_spi.o(i.SPI_GetCRCPolynomial), (6 bytes).
    Removing stm32f4xx_spi.o(i.SPI_I2S_ClearFlag), (6 bytes).
    Removing stm32f4xx_spi.o(i.SPI_I2S_ClearITPendingBit), (20 bytes).
    Removing stm32f4xx_spi.o(i.SPI_I2S_DMACmd), (18 bytes).
    Removing stm32f4xx_spi.o(i.SPI_I2S_DeInit), (176 bytes).
    Removing stm32f4xx_spi.o(i.SPI_I2S_GetFlagStatus), (18 bytes).
    Removing stm32f4xx_spi.o(i.SPI_I2S_GetITStatus), (52 bytes).
    Removing stm32f4xx_spi.o(i.SPI_I2S_ITConfig), (32 bytes).
    Removing stm32f4xx_spi.o(i.SPI_I2S_ReceiveData), (6 bytes).
    Removing stm32f4xx_spi.o(i.SPI_I2S_SendData), (4 bytes).
    Removing stm32f4xx_spi.o(i.SPI_Init), (60 bytes).
    Removing stm32f4xx_spi.o(i.SPI_NSSInternalSoftwareConfig), (30 bytes).
    Removing stm32f4xx_spi.o(i.SPI_SSOutputCmd), (24 bytes).
    Removing stm32f4xx_spi.o(i.SPI_StructInit), (24 bytes).
    Removing stm32f4xx_spi.o(i.SPI_TIModeCmd), (24 bytes).
    Removing stm32f4xx_spi.o(i.SPI_TransmitCRC), (10 bytes).
    Removing stm32f4xx_syscfg.o(.rev16_text), (4 bytes).
    Removing stm32f4xx_syscfg.o(.revsh_text), (4 bytes).
    Removing stm32f4xx_syscfg.o(.rrx_text), (6 bytes).
    Removing stm32f4xx_syscfg.o(i.SYSCFG_CompensationCellCmd), (12 bytes).
    Removing stm32f4xx_syscfg.o(i.SYSCFG_DeInit), (22 bytes).
    Removing stm32f4xx_syscfg.o(i.SYSCFG_ETH_MediaInterfaceConfig), (12 bytes).
    Removing stm32f4xx_syscfg.o(i.SYSCFG_EXTILineConfig), (64 bytes).
    Removing stm32f4xx_syscfg.o(i.SYSCFG_GetCompensationCellStatus), (24 bytes).
    Removing stm32f4xx_syscfg.o(i.SYSCFG_MemoryRemapConfig), (12 bytes).
    Removing stm32f4xx_syscfg.o(i.SYSCFG_MemorySwappingBank), (12 bytes).
    Removing stm32f4xx_tim.o(.rev16_text), (4 bytes).
    Removing stm32f4xx_tim.o(.revsh_text), (4 bytes).
    Removing stm32f4xx_tim.o(.rrx_text), (6 bytes).
    Removing stm32f4xx_tim.o(i.TI1_Config), (58 bytes).
    Removing stm32f4xx_tim.o(i.TI2_Config), (80 bytes).
    Removing stm32f4xx_tim.o(i.TI3_Config), (72 bytes).
    Removing stm32f4xx_tim.o(i.TI4_Config), (80 bytes).
    Removing stm32f4xx_tim.o(i.TIM_ARRPreloadConfig), (24 bytes).
    Removing stm32f4xx_tim.o(i.TIM_BDTRConfig), (32 bytes).
    Removing stm32f4xx_tim.o(i.TIM_BDTRStructInit), (18 bytes).
    Removing stm32f4xx_tim.o(i.TIM_CCPreloadControl), (24 bytes).
    Removing stm32f4xx_tim.o(i.TIM_CCxCmd), (30 bytes).
    Removing stm32f4xx_tim.o(i.TIM_CCxNCmd), (30 bytes).
    Removing stm32f4xx_tim.o(i.TIM_ClearFlag), (6 bytes).
    Removing stm32f4xx_tim.o(i.TIM_ClearOC1Ref), (18 bytes).
    Removing stm32f4xx_tim.o(i.TIM_ClearOC2Ref), (24 bytes).
    Removing stm32f4xx_tim.o(i.TIM_ClearOC3Ref), (18 bytes).
    Removing stm32f4xx_tim.o(i.TIM_ClearOC4Ref), (24 bytes).
    Removing stm32f4xx_tim.o(i.TIM_CounterModeConfig), (18 bytes).
    Removing stm32f4xx_tim.o(i.TIM_CtrlPWMOutputs), (30 bytes).
    Removing stm32f4xx_tim.o(i.TIM_DMACmd), (18 bytes).
    Removing stm32f4xx_tim.o(i.TIM_DMAConfig), (10 bytes).
    Removing stm32f4xx_tim.o(i.TIM_DeInit), (400 bytes).
    Removing stm32f4xx_tim.o(i.TIM_ETRClockMode1Config), (54 bytes).
    Removing stm32f4xx_tim.o(i.TIM_ETRClockMode2Config), (32 bytes).
    Removing stm32f4xx_tim.o(i.TIM_ETRConfig), (28 bytes).
    Removing stm32f4xx_tim.o(i.TIM_EncoderInterfaceConfig), (66 bytes).
    Removing stm32f4xx_tim.o(i.TIM_ForcedOC1Config), (18 bytes).
    Removing stm32f4xx_tim.o(i.TIM_ForcedOC2Config), (26 bytes).
    Removing stm32f4xx_tim.o(i.TIM_ForcedOC3Config), (18 bytes).
    Removing stm32f4xx_tim.o(i.TIM_ForcedOC4Config), (26 bytes).
    Removing stm32f4xx_tim.o(i.TIM_GenerateEvent), (4 bytes).
    Removing stm32f4xx_tim.o(i.TIM_GetCapture1), (6 bytes).
    Removing stm32f4xx_tim.o(i.TIM_GetCapture2), (6 bytes).
    Removing stm32f4xx_tim.o(i.TIM_GetCapture3), (6 bytes).
    Removing stm32f4xx_tim.o(i.TIM_GetCapture4), (6 bytes).
    Removing stm32f4xx_tim.o(i.TIM_GetCounter), (6 bytes).
    Removing stm32f4xx_tim.o(i.TIM_GetFlagStatus), (18 bytes).
    Removing stm32f4xx_tim.o(i.TIM_GetPrescaler), (6 bytes).
    Removing stm32f4xx_tim.o(i.TIM_ICInit), (110 bytes).
    Removing stm32f4xx_tim.o(i.TIM_ICStructInit), (18 bytes).
    Removing stm32f4xx_tim.o(i.TIM_ITRxExternalClockConfig), (24 bytes).
    Removing stm32f4xx_tim.o(i.TIM_InternalClockConfig), (12 bytes).
    Removing stm32f4xx_tim.o(i.TIM_OC1FastConfig), (18 bytes).
    Removing stm32f4xx_tim.o(i.TIM_OC1Init), (124 bytes).
    Removing stm32f4xx_tim.o(i.TIM_OC1NPolarityConfig), (18 bytes).
    Removing stm32f4xx_tim.o(i.TIM_OC1PolarityConfig), (18 bytes).
    Removing stm32f4xx_tim.o(i.TIM_OC1PreloadConfig), (18 bytes).
    Removing stm32f4xx_tim.o(i.TIM_OC2FastConfig), (26 bytes).
    Removing stm32f4xx_tim.o(i.TIM_OC2Init), (164 bytes).
    Removing stm32f4xx_tim.o(i.TIM_OC2NPolarityConfig), (26 bytes).
    Removing stm32f4xx_tim.o(i.TIM_OC2PolarityConfig), (26 bytes).
    Removing stm32f4xx_tim.o(i.TIM_OC2PreloadConfig), (26 bytes).
    Removing stm32f4xx_tim.o(i.TIM_OC3FastConfig), (18 bytes).
    Removing stm32f4xx_tim.o(i.TIM_OC3Init), (160 bytes).
    Removing stm32f4xx_tim.o(i.TIM_OC3NPolarityConfig), (26 bytes).
    Removing stm32f4xx_tim.o(i.TIM_OC3PolarityConfig), (26 bytes).
    Removing stm32f4xx_tim.o(i.TIM_OC3PreloadConfig), (18 bytes).
    Removing stm32f4xx_tim.o(i.TIM_OC4FastConfig), (26 bytes).
    Removing stm32f4xx_tim.o(i.TIM_OC4Init), (120 bytes).
    Removing stm32f4xx_tim.o(i.TIM_OC4PolarityConfig), (26 bytes).
    Removing stm32f4xx_tim.o(i.TIM_OC4PreloadConfig), (26 bytes).
    Removing stm32f4xx_tim.o(i.TIM_OCStructInit), (20 bytes).
    Removing stm32f4xx_tim.o(i.TIM_PWMIConfig), (124 bytes).
    Removing stm32f4xx_tim.o(i.TIM_PrescalerConfig), (6 bytes).
    Removing stm32f4xx_tim.o(i.TIM_RemapConfig), (6 bytes).
    Removing stm32f4xx_tim.o(i.TIM_SelectCCDMA), (24 bytes).
    Removing stm32f4xx_tim.o(i.TIM_SelectCOM), (24 bytes).
    Removing stm32f4xx_tim.o(i.TIM_SelectHallSensor), (24 bytes).
    Removing stm32f4xx_tim.o(i.TIM_SelectInputTrigger), (18 bytes).
    Removing stm32f4xx_tim.o(i.TIM_SelectMasterSlaveMode), (18 bytes).
    Removing stm32f4xx_tim.o(i.TIM_SelectOCxM), (86 bytes).
    Removing stm32f4xx_tim.o(i.TIM_SelectOnePulseMode), (18 bytes).
    Removing stm32f4xx_tim.o(i.TIM_SelectOutputTrigger), (18 bytes).
    Removing stm32f4xx_tim.o(i.TIM_SelectSlaveMode), (18 bytes).
    Removing stm32f4xx_tim.o(i.TIM_SetAutoreload), (4 bytes).
    Removing stm32f4xx_tim.o(i.TIM_SetClockDivision), (18 bytes).
    Removing stm32f4xx_tim.o(i.TIM_SetCompare1), (4 bytes).
    Removing stm32f4xx_tim.o(i.TIM_SetCompare2), (4 bytes).
    Removing stm32f4xx_tim.o(i.TIM_SetCompare3), (4 bytes).
    Removing stm32f4xx_tim.o(i.TIM_SetCompare4), (4 bytes).
    Removing stm32f4xx_tim.o(i.TIM_SetCounter), (4 bytes).
    Removing stm32f4xx_tim.o(i.TIM_SetIC1Prescaler), (18 bytes).
    Removing stm32f4xx_tim.o(i.TIM_SetIC2Prescaler), (26 bytes).
    Removing stm32f4xx_tim.o(i.TIM_SetIC3Prescaler), (18 bytes).
    Removing stm32f4xx_tim.o(i.TIM_SetIC4Prescaler), (26 bytes).
    Removing stm32f4xx_tim.o(i.TIM_TIxExternalClockConfig), (62 bytes).
    Removing stm32f4xx_tim.o(i.TIM_UpdateDisableConfig), (24 bytes).
    Removing stm32f4xx_tim.o(i.TIM_UpdateRequestConfig), (24 bytes).
    Removing stm32f4xx_usart.o(.rev16_text), (4 bytes).
    Removing stm32f4xx_usart.o(.revsh_text), (4 bytes).
    Removing stm32f4xx_usart.o(.rrx_text), (6 bytes).
    Removing stm32f4xx_usart.o(i.USART_ClearFlag), (18 bytes).
    Removing stm32f4xx_usart.o(i.USART_ClearITPendingBit), (30 bytes).
    Removing stm32f4xx_usart.o(i.USART_ClockInit), (32 bytes).
    Removing stm32f4xx_usart.o(i.USART_ClockStructInit), (12 bytes).
    Removing stm32f4xx_usart.o(i.USART_DMACmd), (18 bytes).
    Removing stm32f4xx_usart.o(i.USART_DeInit), (240 bytes).
    Removing stm32f4xx_usart.o(i.USART_HalfDuplexCmd), (24 bytes).
    Removing stm32f4xx_usart.o(i.USART_IrDACmd), (24 bytes).
    Removing stm32f4xx_usart.o(i.USART_IrDAConfig), (18 bytes).
    Removing stm32f4xx_usart.o(i.USART_LINBreakDetectLengthConfig), (18 bytes).
    Removing stm32f4xx_usart.o(i.USART_LINCmd), (24 bytes).
    Removing stm32f4xx_usart.o(i.USART_OneBitMethodCmd), (24 bytes).
    Removing stm32f4xx_usart.o(i.USART_OverSampling8Cmd), (22 bytes).
    Removing stm32f4xx_usart.o(i.USART_ReceiverWakeUpCmd), (24 bytes).
    Removing stm32f4xx_usart.o(i.USART_SendBreak), (10 bytes).
    Removing stm32f4xx_usart.o(i.USART_SetAddress), (18 bytes).
    Removing stm32f4xx_usart.o(i.USART_SetGuardTime), (16 bytes).
    Removing stm32f4xx_usart.o(i.USART_SetPrescaler), (16 bytes).
    Removing stm32f4xx_usart.o(i.USART_SmartCardCmd), (24 bytes).
    Removing stm32f4xx_usart.o(i.USART_SmartCardNACKCmd), (24 bytes).
    Removing stm32f4xx_usart.o(i.USART_WakeUpConfig), (18 bytes).
    Removing stm32f4xx_wwdg.o(.rev16_text), (4 bytes).
    Removing stm32f4xx_wwdg.o(.revsh_text), (4 bytes).
    Removing stm32f4xx_wwdg.o(.rrx_text), (6 bytes).
    Removing stm32f4xx_wwdg.o(i.WWDG_ClearFlag), (12 bytes).
    Removing stm32f4xx_wwdg.o(i.WWDG_DeInit), (22 bytes).
    Removing stm32f4xx_wwdg.o(i.WWDG_Enable), (16 bytes).
    Removing stm32f4xx_wwdg.o(i.WWDG_EnableIT), (12 bytes).
    Removing stm32f4xx_wwdg.o(i.WWDG_GetFlagStatus), (20 bytes).
    Removing stm32f4xx_wwdg.o(i.WWDG_SetCounter), (16 bytes).
    Removing stm32f4xx_wwdg.o(i.WWDG_SetPrescaler), (24 bytes).
    Removing stm32f4xx_wwdg.o(i.WWDG_SetWindowValue), (40 bytes).
    Removing startup_stm32f40xx.o(HEAP), (512 bytes).
    Removing usart.o(.rev16_text), (4 bytes).
    Removing usart.o(.revsh_text), (4 bytes).
    Removing usart.o(.rrx_text), (6 bytes).
    Removing usart.o(i.Serial_GetRxOverflowCount), (12 bytes).
    Removing mycan.o(.rev16_text), (4 bytes).
    Removing mycan.o(.revsh_text), (4 bytes).
    Removing mycan.o(.rrx_text), (6 bytes).
    Removing motor.o(.rev16_text), (4 bytes).
    Removing motor.o(.revsh_text), (4 bytes).
    Removing motor.o(.rrx_text), (6 bytes).
    Removing motor.o(i.Motor_Test_ModeName), (88 bytes).
    Removing motor_timer.o(.rev16_text), (4 bytes).
    Removing motor_timer.o(.revsh_text), (4 bytes).
    Removing motor_timer.o(.rrx_text), (6 bytes).
    Removing vofa.o(.rev16_text), (4 bytes).
    Removing vofa.o(.revsh_text), (4 bytes).
    Removing vofa.o(.rrx_text), (6 bytes).
    Removing vofa.o(i.Vofa_SendData), (24 bytes).
    Removing vofa.o(i.Vofa_SendText), (12 bytes).

804 unused section(s) (total 32696 bytes) removed from the image.

==============================================================================

Image Symbol Table

    Local Symbols

    Symbol Name                              Value     Ov Type        Size  Object(Section)

    ../clib/microlib/init/entry.s            0x00000000   Number         0  entry8b.o ABSOLUTE
    ../clib/microlib/init/entry.s            0x00000000   Number         0  entry11b.o ABSOLUTE
    ../clib/microlib/init/entry.s            0x00000000   Number         0  entry7b.o ABSOLUTE
    ../clib/microlib/init/entry.s            0x00000000   Number         0  entry11a.o ABSOLUTE
    ../clib/microlib/init/entry.s            0x00000000   Number         0  entry7a.o ABSOLUTE
    ../clib/microlib/init/entry.s            0x00000000   Number         0  entry8a.o ABSOLUTE
    ../clib/microlib/init/entry.s            0x00000000   Number         0  entry10b.o ABSOLUTE
    ../clib/microlib/init/entry.s            0x00000000   Number         0  entry5.o ABSOLUTE
    ../clib/microlib/init/entry.s            0x00000000   Number         0  entry10a.o ABSOLUTE
    ../clib/microlib/init/entry.s            0x00000000   Number         0  entry.o ABSOLUTE
    ../clib/microlib/init/entry.s            0x00000000   Number         0  entry9b.o ABSOLUTE
    ../clib/microlib/init/entry.s            0x00000000   Number         0  entry2.o ABSOLUTE
    ../clib/microlib/init/entry.s            0x00000000   Number         0  entry9a.o ABSOLUTE
    ../clib/microlib/string/memcpy.c         0x00000000   Number         0  memcpya.o ABSOLUTE
    ../clib/microlib/string/memcpy.c         0x00000000   Number         0  memcpyb.o ABSOLUTE
    ..\Hardware\Motor.c                      0x00000000   Number         0  motor.o ABSOLUTE
    ..\Hardware\Motor_Timer.c                0x00000000   Number         0  motor_timer.o ABSOLUTE
    ..\Hardware\MyCAN.c                      0x00000000   Number         0  mycan.o ABSOLUTE
    ..\Hardware\Usart.c                      0x00000000   Number         0  usart.o ABSOLUTE
    ..\Hardware\Vofa.c                       0x00000000   Number         0  vofa.o ABSOLUTE
    ..\Library\CMSIS\Startup\startup_stm32f40xx.s 0x00000000   Number         0  startup_stm32f40xx.o ABSOLUTE
    ..\Library\STM32F4xx_StdPeriph_Driver\src\misc.c 0x00000000   Number         0  misc.o ABSOLUTE
    ..\Library\STM32F4xx_StdPeriph_Driver\src\stm32f4xx_adc.c 0x00000000   Number         0  stm32f4xx_adc.o ABSOLUTE
    ..\Library\STM32F4xx_StdPeriph_Driver\src\stm32f4xx_can.c 0x00000000   Number         0  stm32f4xx_can.o ABSOLUTE
    ..\Library\STM32F4xx_StdPeriph_Driver\src\stm32f4xx_cec.c 0x00000000   Number         0  stm32f4xx_cec.o ABSOLUTE
    ..\Library\STM32F4xx_StdPeriph_Driver\src\stm32f4xx_crc.c 0x00000000   Number         0  stm32f4xx_crc.o ABSOLUTE
    ..\Library\STM32F4xx_StdPeriph_Driver\src\stm32f4xx_cryp.c 0x00000000   Number         0  stm32f4xx_cryp.o ABSOLUTE
    ..\Library\STM32F4xx_StdPeriph_Driver\src\stm32f4xx_cryp_aes.c 0x00000000   Number         0  stm32f4xx_cryp_aes.o ABSOLUTE
    ..\Library\STM32F4xx_StdPeriph_Driver\src\stm32f4xx_cryp_des.c 0x00000000   Number         0  stm32f4xx_cryp_des.o ABSOLUTE
    ..\Library\STM32F4xx_StdPeriph_Driver\src\stm32f4xx_cryp_tdes.c 0x00000000   Number         0  stm32f4xx_cryp_tdes.o ABSOLUTE
    ..\Library\STM32F4xx_StdPeriph_Driver\src\stm32f4xx_dac.c 0x00000000   Number         0  stm32f4xx_dac.o ABSOLUTE
    ..\Library\STM32F4xx_StdPeriph_Driver\src\stm32f4xx_dbgmcu.c 0x00000000   Number         0  stm32f4xx_dbgmcu.o ABSOLUTE
    ..\Library\STM32F4xx_StdPeriph_Driver\src\stm32f4xx_dcmi.c 0x00000000   Number         0  stm32f4xx_dcmi.o ABSOLUTE
    ..\Library\STM32F4xx_StdPeriph_Driver\src\stm32f4xx_dfsdm.c 0x00000000   Number         0  stm32f4xx_dfsdm.o ABSOLUTE
    ..\Library\STM32F4xx_StdPeriph_Driver\src\stm32f4xx_dma.c 0x00000000   Number         0  stm32f4xx_dma.o ABSOLUTE
    ..\Library\STM32F4xx_StdPeriph_Driver\src\stm32f4xx_dma2d.c 0x00000000   Number         0  stm32f4xx_dma2d.o ABSOLUTE
    ..\Library\STM32F4xx_StdPeriph_Driver\src\stm32f4xx_dsi.c 0x00000000   Number         0  stm32f4xx_dsi.o ABSOLUTE
    ..\Library\STM32F4xx_StdPeriph_Driver\src\stm32f4xx_exti.c 0x00000000   Number         0  stm32f4xx_exti.o ABSOLUTE
    ..\Library\STM32F4xx_StdPeriph_Driver\src\stm32f4xx_flash.c 0x00000000   Number         0  stm32f4xx_flash.o ABSOLUTE
    ..\Library\STM32F4xx_StdPeriph_Driver\src\stm32f4xx_flash_ramfunc.c 0x00000000   Number         0  stm32f4xx_flash_ramfunc.o ABSOLUTE
    ..\Library\STM32F4xx_StdPeriph_Driver\src\stm32f4xx_fmpi2c.c 0x00000000   Number         0  stm32f4xx_fmpi2c.o ABSOLUTE
    ..\Library\STM32F4xx_StdPeriph_Driver\src\stm32f4xx_gpio.c 0x00000000   Number         0  stm32f4xx_gpio.o ABSOLUTE
    ..\Library\STM32F4xx_StdPeriph_Driver\src\stm32f4xx_hash.c 0x00000000   Number         0  stm32f4xx_hash.o ABSOLUTE
    ..\Library\STM32F4xx_StdPeriph_Driver\src\stm32f4xx_hash_md5.c 0x00000000   Number         0  stm32f4xx_hash_md5.o ABSOLUTE
    ..\Library\STM32F4xx_StdPeriph_Driver\src\stm32f4xx_hash_sha1.c 0x00000000   Number         0  stm32f4xx_hash_sha1.o ABSOLUTE
    ..\Library\STM32F4xx_StdPeriph_Driver\src\stm32f4xx_i2c.c 0x00000000   Number         0  stm32f4xx_i2c.o ABSOLUTE
    ..\Library\STM32F4xx_StdPeriph_Driver\src\stm32f4xx_iwdg.c 0x00000000   Number         0  stm32f4xx_iwdg.o ABSOLUTE
    ..\Library\STM32F4xx_StdPeriph_Driver\src\stm32f4xx_lptim.c 0x00000000   Number         0  stm32f4xx_lptim.o ABSOLUTE
    ..\Library\STM32F4xx_StdPeriph_Driver\src\stm32f4xx_ltdc.c 0x00000000   Number         0  stm32f4xx_ltdc.o ABSOLUTE
    ..\Library\STM32F4xx_StdPeriph_Driver\src\stm32f4xx_pwr.c 0x00000000   Number         0  stm32f4xx_pwr.o ABSOLUTE
    ..\Library\STM32F4xx_StdPeriph_Driver\src\stm32f4xx_qspi.c 0x00000000   Number         0  stm32f4xx_qspi.o ABSOLUTE
    ..\Library\STM32F4xx_StdPeriph_Driver\src\stm32f4xx_rcc.c 0x00000000   Number         0  stm32f4xx_rcc.o ABSOLUTE
    ..\Library\STM32F4xx_StdPeriph_Driver\src\stm32f4xx_rng.c 0x00000000   Number         0  stm32f4xx_rng.o ABSOLUTE
    ..\Library\STM32F4xx_StdPeriph_Driver\src\stm32f4xx_rtc.c 0x00000000   Number         0  stm32f4xx_rtc.o ABSOLUTE
    ..\Library\STM32F4xx_StdPeriph_Driver\src\stm32f4xx_sai.c 0x00000000   Number         0  stm32f4xx_sai.o ABSOLUTE
    ..\Library\STM32F4xx_StdPeriph_Driver\src\stm32f4xx_sdio.c 0x00000000   Number         0  stm32f4xx_sdio.o ABSOLUTE
    ..\Library\STM32F4xx_StdPeriph_Driver\src\stm32f4xx_spdifrx.c 0x00000000   Number         0  stm32f4xx_spdifrx.o ABSOLUTE
    ..\Library\STM32F4xx_StdPeriph_Driver\src\stm32f4xx_spi.c 0x00000000   Number         0  stm32f4xx_spi.o ABSOLUTE
    ..\Library\STM32F4xx_StdPeriph_Driver\src\stm32f4xx_syscfg.c 0x00000000   Number         0  stm32f4xx_syscfg.o ABSOLUTE
    ..\Library\STM32F4xx_StdPeriph_Driver\src\stm32f4xx_tim.c 0x00000000   Number         0  stm32f4xx_tim.o ABSOLUTE
    ..\Library\STM32F4xx_StdPeriph_Driver\src\stm32f4xx_usart.c 0x00000000   Number         0  stm32f4xx_usart.o ABSOLUTE
    ..\Library\STM32F4xx_StdPeriph_Driver\src\stm32f4xx_wwdg.c 0x00000000   Number         0  stm32f4xx_wwdg.o ABSOLUTE
    ..\User\main.c                           0x00000000   Number         0  main.o ABSOLUTE
    ..\User\stm32f4xx_it.c                   0x00000000   Number         0  stm32f4xx_it.o ABSOLUTE
    ..\User\system_stm32f4xx.c               0x00000000   Number         0  system_stm32f4xx.o ABSOLUTE
    ..\\Hardware\\Motor.c                    0x00000000   Number         0  motor.o ABSOLUTE
    ..\\Hardware\\Motor_Timer.c              0x00000000   Number         0  motor_timer.o ABSOLUTE
    ..\\Hardware\\MyCAN.c                    0x00000000   Number         0  mycan.o ABSOLUTE
    ..\\Hardware\\Usart.c                    0x00000000   Number         0  usart.o ABSOLUTE
    ..\\Hardware\\Vofa.c                     0x00000000   Number         0  vofa.o ABSOLUTE
    ..\\Library\\STM32F4xx_StdPeriph_Driver\\src\\misc.c 0x00000000   Number         0  misc.o ABSOLUTE
    ..\\Library\\STM32F4xx_StdPeriph_Driver\\src\\stm32f4xx_adc.c 0x00000000   Number         0  stm32f4xx_adc.o ABSOLUTE
    ..\\Library\\STM32F4xx_StdPeriph_Driver\\src\\stm32f4xx_can.c 0x00000000   Number         0  stm32f4xx_can.o ABSOLUTE
    ..\\Library\\STM32F4xx_StdPeriph_Driver\\src\\stm32f4xx_cec.c 0x00000000   Number         0  stm32f4xx_cec.o ABSOLUTE
    ..\\Library\\STM32F4xx_StdPeriph_Driver\\src\\stm32f4xx_crc.c 0x00000000   Number         0  stm32f4xx_crc.o ABSOLUTE
    ..\\Library\\STM32F4xx_StdPeriph_Driver\\src\\stm32f4xx_cryp.c 0x00000000   Number         0  stm32f4xx_cryp.o ABSOLUTE
    ..\\Library\\STM32F4xx_StdPeriph_Driver\\src\\stm32f4xx_cryp_aes.c 0x00000000   Number         0  stm32f4xx_cryp_aes.o ABSOLUTE
    ..\\Library\\STM32F4xx_StdPeriph_Driver\\src\\stm32f4xx_cryp_des.c 0x00000000   Number         0  stm32f4xx_cryp_des.o ABSOLUTE
    ..\\Library\\STM32F4xx_StdPeriph_Driver\\src\\stm32f4xx_cryp_tdes.c 0x00000000   Number         0  stm32f4xx_cryp_tdes.o ABSOLUTE
    ..\\Library\\STM32F4xx_StdPeriph_Driver\\src\\stm32f4xx_dac.c 0x00000000   Number         0  stm32f4xx_dac.o ABSOLUTE
    ..\\Library\\STM32F4xx_StdPeriph_Driver\\src\\stm32f4xx_dbgmcu.c 0x00000000   Number         0  stm32f4xx_dbgmcu.o ABSOLUTE
    ..\\Library\\STM32F4xx_StdPeriph_Driver\\src\\stm32f4xx_dcmi.c 0x00000000   Number         0  stm32f4xx_dcmi.o ABSOLUTE
    ..\\Library\\STM32F4xx_StdPeriph_Driver\\src\\stm32f4xx_dfsdm.c 0x00000000   Number         0  stm32f4xx_dfsdm.o ABSOLUTE
    ..\\Library\\STM32F4xx_StdPeriph_Driver\\src\\stm32f4xx_dma.c 0x00000000   Number         0  stm32f4xx_dma.o ABSOLUTE
    ..\\Library\\STM32F4xx_StdPeriph_Driver\\src\\stm32f4xx_dma2d.c 0x00000000   Number         0  stm32f4xx_dma2d.o ABSOLUTE
    ..\\Library\\STM32F4xx_StdPeriph_Driver\\src\\stm32f4xx_dsi.c 0x00000000   Number         0  stm32f4xx_dsi.o ABSOLUTE
    ..\\Library\\STM32F4xx_StdPeriph_Driver\\src\\stm32f4xx_exti.c 0x00000000   Number         0  stm32f4xx_exti.o ABSOLUTE
    ..\\Library\\STM32F4xx_StdPeriph_Driver\\src\\stm32f4xx_flash.c 0x00000000   Number         0  stm32f4xx_flash.o ABSOLUTE
    ..\\Library\\STM32F4xx_StdPeriph_Driver\\src\\stm32f4xx_flash_ramfunc.c 0x00000000   Number         0  stm32f4xx_flash_ramfunc.o ABSOLUTE
    ..\\Library\\STM32F4xx_StdPeriph_Driver\\src\\stm32f4xx_fmpi2c.c 0x00000000   Number         0  stm32f4xx_fmpi2c.o ABSOLUTE
    ..\\Library\\STM32F4xx_StdPeriph_Driver\\src\\stm32f4xx_gpio.c 0x00000000   Number         0  stm32f4xx_gpio.o ABSOLUTE
    ..\\Library\\STM32F4xx_StdPeriph_Driver\\src\\stm32f4xx_hash.c 0x00000000   Number         0  stm32f4xx_hash.o ABSOLUTE
    ..\\Library\\STM32F4xx_StdPeriph_Driver\\src\\stm32f4xx_hash_md5.c 0x00000000   Number         0  stm32f4xx_hash_md5.o ABSOLUTE
    ..\\Library\\STM32F4xx_StdPeriph_Driver\\src\\stm32f4xx_hash_sha1.c 0x00000000   Number         0  stm32f4xx_hash_sha1.o ABSOLUTE
    ..\\Library\\STM32F4xx_StdPeriph_Driver\\src\\stm32f4xx_i2c.c 0x00000000   Number         0  stm32f4xx_i2c.o ABSOLUTE
    ..\\Library\\STM32F4xx_StdPeriph_Driver\\src\\stm32f4xx_iwdg.c 0x00000000   Number         0  stm32f4xx_iwdg.o ABSOLUTE
    ..\\Library\\STM32F4xx_StdPeriph_Driver\\src\\stm32f4xx_lptim.c 0x00000000   Number         0  stm32f4xx_lptim.o ABSOLUTE
    ..\\Library\\STM32F4xx_StdPeriph_Driver\\src\\stm32f4xx_ltdc.c 0x00000000   Number         0  stm32f4xx_ltdc.o ABSOLUTE
    ..\\Library\\STM32F4xx_StdPeriph_Driver\\src\\stm32f4xx_pwr.c 0x00000000   Number         0  stm32f4xx_pwr.o ABSOLUTE
    ..\\Library\\STM32F4xx_StdPeriph_Driver\\src\\stm32f4xx_qspi.c 0x00000000   Number         0  stm32f4xx_qspi.o ABSOLUTE
    ..\\Library\\STM32F4xx_StdPeriph_Driver\\src\\stm32f4xx_rcc.c 0x00000000   Number         0  stm32f4xx_rcc.o ABSOLUTE
    ..\\Library\\STM32F4xx_StdPeriph_Driver\\src\\stm32f4xx_rng.c 0x00000000   Number         0  stm32f4xx_rng.o ABSOLUTE
    ..\\Library\\STM32F4xx_StdPeriph_Driver\\src\\stm32f4xx_rtc.c 0x00000000   Number         0  stm32f4xx_rtc.o ABSOLUTE
    ..\\Library\\STM32F4xx_StdPeriph_Driver\\src\\stm32f4xx_sai.c 0x00000000   Number         0  stm32f4xx_sai.o ABSOLUTE
    ..\\Library\\STM32F4xx_StdPeriph_Driver\\src\\stm32f4xx_sdio.c 0x00000000   Number         0  stm32f4xx_sdio.o ABSOLUTE
    ..\\Library\\STM32F4xx_StdPeriph_Driver\\src\\stm32f4xx_spdifrx.c 0x00000000   Number         0  stm32f4xx_spdifrx.o ABSOLUTE
    ..\\Library\\STM32F4xx_StdPeriph_Driver\\src\\stm32f4xx_spi.c 0x00000000   Number         0  stm32f4xx_spi.o ABSOLUTE
    ..\\Library\\STM32F4xx_StdPeriph_Driver\\src\\stm32f4xx_syscfg.c 0x00000000   Number         0  stm32f4xx_syscfg.o ABSOLUTE
    ..\\Library\\STM32F4xx_StdPeriph_Driver\\src\\stm32f4xx_tim.c 0x00000000   Number         0  stm32f4xx_tim.o ABSOLUTE
    ..\\Library\\STM32F4xx_StdPeriph_Driver\\src\\stm32f4xx_usart.c 0x00000000   Number         0  stm32f4xx_usart.o ABSOLUTE
    ..\\Library\\STM32F4xx_StdPeriph_Driver\\src\\stm32f4xx_wwdg.c 0x00000000   Number         0  stm32f4xx_wwdg.o ABSOLUTE
    ..\\User\\main.c                         0x00000000   Number         0  main.o ABSOLUTE
    ..\\User\\stm32f4xx_it.c                 0x00000000   Number         0  stm32f4xx_it.o ABSOLUTE
    ..\\User\\system_stm32f4xx.c             0x00000000   Number         0  system_stm32f4xx.o ABSOLUTE
    dc.s                                     0x00000000   Number         0  dc.o ABSOLUTE
    handlers.s                               0x00000000   Number         0  handlers.o ABSOLUTE
    init.s                                   0x00000000   Number         0  init.o ABSOLUTE
    RESET                                    0x08000000   Section      392  startup_stm32f40xx.o(RESET)
    .ARM.Collect$$$$00000000                 0x08000188   Section        0  entry.o(.ARM.Collect$$$$00000000)
    .ARM.Collect$$$$00000001                 0x08000188   Section        4  entry2.o(.ARM.Collect$$$$00000001)
    .ARM.Collect$$$$00000004                 0x0800018c   Section        4  entry5.o(.ARM.Collect$$$$00000004)
    .ARM.Collect$$$$00000008                 0x08000190   Section        0  entry7b.o(.ARM.Collect$$$$00000008)
    .ARM.Collect$$$$0000000A                 0x08000190   Section        0  entry8b.o(.ARM.Collect$$$$0000000A)
    .ARM.Collect$$$$0000000B                 0x08000190   Section        8  entry9a.o(.ARM.Collect$$$$0000000B)
    .ARM.Collect$$$$0000000D                 0x08000198   Section        0  entry10a.o(.ARM.Collect$$$$0000000D)
    .ARM.Collect$$$$0000000F                 0x08000198   Section        0  entry11a.o(.ARM.Collect$$$$0000000F)
    .ARM.Collect$$$$00002712                 0x08000198   Section        4  entry2.o(.ARM.Collect$$$$00002712)
    __lit__00000000                          0x08000198   Data           4  entry2.o(.ARM.Collect$$$$00002712)
    .text                                    0x0800019c   Section       36  startup_stm32f40xx.o(.text)
    $v0                                      0x0800019c   Number         0  startup_stm32f40xx.o(.text)
    .text                                    0x080001c0   Section        0  memcpya.o(.text)
    .text                                    0x080001e4   Section       36  init.o(.text)
    i.AppendChar                             0x08000208   Section        0  vofa.o(i.AppendChar)
    AppendChar                               0x08000209   Thumb Code    22  vofa.o(i.AppendChar)
    i.AppendFloatFixed3                      0x08000220   Section        0  vofa.o(i.AppendFloatFixed3)
    AppendFloatFixed3                        0x08000221   Thumb Code   202  vofa.o(i.AppendFloatFixed3)
    i.AppendString                           0x080002f8   Section        0  vofa.o(i.AppendString)
    AppendString                             0x080002f9   Thumb Code    38  vofa.o(i.AppendString)
    i.AppendUnsigned                         0x0800031e   Section        0  vofa.o(i.AppendUnsigned)
    AppendUnsigned                           0x0800031f   Thumb Code   104  vofa.o(i.AppendUnsigned)
    i.BusFault_Handler                       0x08000386   Section        0  stm32f4xx_it.o(i.BusFault_Handler)
    i.CAN1_RX0_IRQHandler                    0x0800038c   Section        0  mycan.o(i.CAN1_RX0_IRQHandler)
    i.CAN2_RX1_IRQHandler                    0x080003b8   Section        0  mycan.o(i.CAN2_RX1_IRQHandler)
    i.CAN_DeInit                             0x080003dc   Section        0  stm32f4xx_can.o(i.CAN_DeInit)
    i.CAN_FilterInit                         0x08000414   Section        0  stm32f4xx_can.o(i.CAN_FilterInit)
    i.CAN_ITConfig                           0x0800051c   Section        0  stm32f4xx_can.o(i.CAN_ITConfig)
    i.CAN_Init                               0x0800052e   Section        0  stm32f4xx_can.o(i.CAN_Init)
    i.CAN_MessagePending                     0x08000642   Section        0  stm32f4xx_can.o(i.CAN_MessagePending)
    i.CAN_Receive                            0x08000660   Section        0  stm32f4xx_can.o(i.CAN_Receive)
    i.CAN_SlaveStartBank                     0x08000748   Section        0  stm32f4xx_can.o(i.CAN_SlaveStartBank)
    i.CAN_StructInit                         0x0800077c   Section        0  stm32f4xx_can.o(i.CAN_StructInit)
    i.CAN_Transmit                           0x0800079c   Section        0  stm32f4xx_can.o(i.CAN_Transmit)
    i.CAN_TransmitStatus                     0x080008c4   Section        0  stm32f4xx_can.o(i.CAN_TransmitStatus)
    i.ClampCommand                           0x08000964   Section        0  motor.o(i.ClampCommand)
    ClampCommand                             0x08000965   Thumb Code    26  motor.o(i.ClampCommand)
    i.DebugMon_Handler                       0x08000984   Section        0  stm32f4xx_it.o(i.DebugMon_Handler)
    i.GPIO_Init                              0x08000986   Section        0  stm32f4xx_gpio.o(i.GPIO_Init)
    i.GPIO_PinAFConfig                       0x08000a16   Section        0  stm32f4xx_gpio.o(i.GPIO_PinAFConfig)
    i.GPIO_StructInit                        0x08000a5c   Section        0  stm32f4xx_gpio.o(i.GPIO_StructInit)
    i.HardFault_Handler                      0x08000a6e   Section        0  stm32f4xx_it.o(i.HardFault_Handler)
    i.MemManage_Handler                      0x08000a72   Section        0  stm32f4xx_it.o(i.MemManage_Handler)
    i.Motor_Test_GetCommandRaw               0x08000a78   Section        0  motor.o(i.Motor_Test_GetCommandRaw)
    i.Motor_Test_GetStatus                   0x08000a8c   Section        0  motor.o(i.Motor_Test_GetStatus)
    i.Motor_Test_HandleCommand               0x08000b28   Section        0  motor.o(i.Motor_Test_HandleCommand)
    i.Motor_Test_Init                        0x08000ebc   Section        0  motor.o(i.Motor_Test_Init)
    i.Motor_Test_PrintHelp                   0x08000f18   Section        0  motor.o(i.Motor_Test_PrintHelp)
    i.Motor_Test_ResultName                  0x080010f4   Section        0  motor.o(i.Motor_Test_ResultName)
    i.Motor_Test_Update                      0x080011a8   Section        0  motor.o(i.Motor_Test_Update)
    i.Motor_Timer_GetTick                    0x080014c0   Section        0  motor_timer.o(i.Motor_Timer_GetTick)
    i.Motor_Timer_Init                       0x080014cc   Section        0  motor_timer.o(i.Motor_Timer_Init)
    i.MyCAN_Filter_Config                    0x08001536   Section        0  mycan.o(i.MyCAN_Filter_Config)
    MyCAN_Filter_Config                      0x08001537   Thumb Code    52  mycan.o(i.MyCAN_Filter_Config)
    i.MyCAN_GPIO_Config                      0x0800156c   Section        0  mycan.o(i.MyCAN_GPIO_Config)
    MyCAN_GPIO_Config                        0x0800156d   Thumb Code    74  mycan.o(i.MyCAN_GPIO_Config)
    i.MyCAN_GetErrorStatus                   0x080015bc   Section        0  mycan.o(i.MyCAN_GetErrorStatus)
    i.MyCAN_GetMotorFeedback                 0x080015c8   Section        0  mycan.o(i.MyCAN_GetMotorFeedback)
    i.MyCAN_GetTxFailCount                   0x0800162c   Section        0  mycan.o(i.MyCAN_GetTxFailCount)
    i.MyCAN_GetTxOkCount                     0x08001638   Section        0  mycan.o(i.MyCAN_GetTxOkCount)
    i.MyCAN_Init                             0x08001644   Section        0  mycan.o(i.MyCAN_Init)
    i.MyCAN_ParseFeedback                    0x080016dc   Section        0  mycan.o(i.MyCAN_ParseFeedback)
    MyCAN_ParseFeedback                      0x080016dd   Thumb Code   102  mycan.o(i.MyCAN_ParseFeedback)
    i.MyCAN_SendMotorCommand                 0x08001748   Section        0  mycan.o(i.MyCAN_SendMotorCommand)
    i.NMI_Handler                            0x0800182c   Section        0  stm32f4xx_it.o(i.NMI_Handler)
    i.NVIC_Init                              0x08001830   Section        0  misc.o(i.NVIC_Init)
    i.NVIC_PriorityGroupConfig               0x080018a8   Section        0  misc.o(i.NVIC_PriorityGroupConfig)
    i.PendSV_Handler                         0x080018bc   Section        0  stm32f4xx_it.o(i.PendSV_Handler)
    i.RCC_AHB1PeriphClockCmd                 0x080018c0   Section        0  stm32f4xx_rcc.o(i.RCC_AHB1PeriphClockCmd)
    i.RCC_APB1PeriphClockCmd                 0x080018e0   Section        0  stm32f4xx_rcc.o(i.RCC_APB1PeriphClockCmd)
    i.RCC_APB1PeriphResetCmd                 0x08001900   Section        0  stm32f4xx_rcc.o(i.RCC_APB1PeriphResetCmd)
    i.RCC_APB2PeriphClockCmd                 0x08001920   Section        0  stm32f4xx_rcc.o(i.RCC_APB2PeriphClockCmd)
    i.RCC_GetClocksFreq                      0x08001940   Section        0  stm32f4xx_rcc.o(i.RCC_GetClocksFreq)
    i.RawCommandToDisplay                    0x08001a28   Section        0  motor.o(i.RawCommandToDisplay)
    RawCommandToDisplay                      0x08001a29   Thumb Code    26  motor.o(i.RawCommandToDisplay)
    i.RawCommandToMilliDisplay               0x08001a4c   Section        0  motor.o(i.RawCommandToMilliDisplay)
    RawCommandToMilliDisplay                 0x08001a4d   Thumb Code    16  motor.o(i.RawCommandToMilliDisplay)
    i.RawFeedbackToAmp                       0x08001a60   Section        0  motor.o(i.RawFeedbackToAmp)
    RawFeedbackToAmp                         0x08001a61   Thumb Code    26  motor.o(i.RawFeedbackToAmp)
    i.SVC_Handler                            0x08001a80   Section        0  stm32f4xx_it.o(i.SVC_Handler)
    i.Serial_Init                            0x08001a84   Section        0  usart.o(i.Serial_Init)
    i.Serial_Printf                          0x08001b50   Section        0  usart.o(i.Serial_Printf)
    i.Serial_ReadByte                        0x08001ca8   Section        0  usart.o(i.Serial_ReadByte)
    i.Serial_SendArray                       0x08001ce4   Section        0  usart.o(i.Serial_SendArray)
    i.Serial_SendByte                        0x08001d18   Section        0  usart.o(i.Serial_SendByte)
    i.Serial_SendSignedLong                  0x08001d38   Section        0  usart.o(i.Serial_SendSignedLong)
    Serial_SendSignedLong                    0x08001d39   Thumb Code    36  usart.o(i.Serial_SendSignedLong)
    i.Serial_SendString                      0x08001d5c   Section        0  usart.o(i.Serial_SendString)
    i.Serial_SendUnsignedLong                0x08001d78   Section        0  usart.o(i.Serial_SendUnsignedLong)
    Serial_SendUnsignedLong                  0x08001d79   Thumb Code    88  usart.o(i.Serial_SendUnsignedLong)
    i.SetSysClock                            0x08001df8   Section        0  system_stm32f4xx.o(i.SetSysClock)
    SetSysClock                              0x08001df9   Thumb Code   220  system_stm32f4xx.o(i.SetSysClock)
    i.StopMotor                              0x08001ee4   Section        0  motor.o(i.StopMotor)
    StopMotor                                0x08001ee5   Thumb Code    38  motor.o(i.StopMotor)
    i.SysTick_Handler                        0x08001f20   Section        0  stm32f4xx_it.o(i.SysTick_Handler)
    i.SystemInit                             0x08001f24   Section        0  system_stm32f4xx.o(i.SystemInit)
    i.TIM2_IRQHandler                        0x08001f8c   Section        0  motor_timer.o(i.TIM2_IRQHandler)
    i.TIM_ClearITPendingBit                  0x08001fb0   Section        0  stm32f4xx_tim.o(i.TIM_ClearITPendingBit)
    i.TIM_Cmd                                0x08001fb6   Section        0  stm32f4xx_tim.o(i.TIM_Cmd)
    i.TIM_GetITStatus                        0x08001fce   Section        0  stm32f4xx_tim.o(i.TIM_GetITStatus)
    i.TIM_ITConfig                           0x08001ff0   Section        0  stm32f4xx_tim.o(i.TIM_ITConfig)
    i.TIM_TimeBaseInit                       0x08002004   Section        0  stm32f4xx_tim.o(i.TIM_TimeBaseInit)
    i.TIM_TimeBaseStructInit                 0x08002088   Section        0  stm32f4xx_tim.o(i.TIM_TimeBaseStructInit)
    i.TestCAN                                0x0800209c   Section        0  mycan.o(i.TestCAN)
    TestCAN                                  0x0800209d   Thumb Code     4  mycan.o(i.TestCAN)
    i.USART1_IRQHandler                      0x080020a4   Section        0  usart.o(i.USART1_IRQHandler)
    i.USART_Cmd                              0x08002118   Section        0  stm32f4xx_usart.o(i.USART_Cmd)
    i.USART_GetFlagStatus                    0x08002130   Section        0  stm32f4xx_usart.o(i.USART_GetFlagStatus)
    i.USART_GetITStatus                      0x0800214a   Section        0  stm32f4xx_usart.o(i.USART_GetITStatus)
    i.USART_ITConfig                         0x0800219e   Section        0  stm32f4xx_usart.o(i.USART_ITConfig)
    i.USART_Init                             0x080021e8   Section        0  stm32f4xx_usart.o(i.USART_Init)
    i.USART_ReceiveData                      0x080022bc   Section        0  stm32f4xx_usart.o(i.USART_ReceiveData)
    i.USART_SendData                         0x080022c6   Section        0  stm32f4xx_usart.o(i.USART_SendData)
    i.USART_StructInit                       0x080022ce   Section        0  stm32f4xx_usart.o(i.USART_StructInit)
    i.UsageFault_Handler                     0x080022e6   Section        0  stm32f4xx_it.o(i.UsageFault_Handler)
    i.Vofa_Init                              0x080022ea   Section        0  vofa.o(i.Vofa_Init)
    i.Vofa_SendDataWithLabel                 0x080022ec   Section        0  vofa.o(i.Vofa_SendDataWithLabel)
    i.Vofa_SendMotorStatus                   0x08002370   Section        0  vofa.o(i.Vofa_SendMotorStatus)
    i.__scatterload_copy                     0x08002474   Section       14  handlers.o(i.__scatterload_copy)
    i.__scatterload_null                     0x08002482   Section        2  handlers.o(i.__scatterload_null)
    i.__scatterload_zeroinit                 0x08002484   Section       14  handlers.o(i.__scatterload_zeroinit)
    i.main                                   0x08002494   Section        0  main.o(i.main)
    .data                                    0x20000000   Section       20  main.o(.data)
    last_control_ms                          0x20000000   Data           4  main.o(.data)
    last_vofa_ms                             0x20000004   Data           4  main.o(.data)
    last_rx_rate_ms                          0x20000008   Data           4  main.o(.data)
    last_rx_count                            0x2000000c   Data           4  main.o(.data)
    rx_frequency_hz                          0x20000010   Data           4  main.o(.data)
    .data                                    0x20000014   Section       16  stm32f4xx_rcc.o(.data)
    APBAHBPrescTable                         0x20000014   Data          16  stm32f4xx_rcc.o(.data)
    .data                                    0x20000024   Section        6  usart.o(.data)
    serial_rx_write                          0x20000024   Data           2  usart.o(.data)
    serial_rx_read                           0x20000026   Data           2  usart.o(.data)
    serial_rx_overflow                       0x20000028   Data           2  usart.o(.data)
    .data                                    0x2000002c   Section        8  mycan.o(.data)
    can_tx_ok_count                          0x2000002c   Data           4  mycan.o(.data)
    can_tx_fail_count                        0x20000030   Data           4  mycan.o(.data)
    .data                                    0x20000034   Section       23  motor.o(.data)
    test_mode                                0x20000034   Data           1  motor.o(.data)
    test_result                              0x20000035   Data           1  motor.o(.data)
    manual_command_raw                       0x20000036   Data           2  motor.o(.data)
    output_command_raw                       0x20000038   Data           2  motor.o(.data)
    mode_start_ms                            0x2000003c   Data           4  motor.o(.data)
    last_manual_command_ms                   0x20000040   Data           4  motor.o(.data)
    auto_phase                               0x20000044   Data           1  motor.o(.data)
    forward_peak_rpm                         0x20000046   Data           2  motor.o(.data)
    reverse_peak_rpm                         0x20000048   Data           2  motor.o(.data)
    auto_seen_feedback                       0x2000004a   Data           1  motor.o(.data)
    .data                                    0x2000004c   Section        4  motor_timer.o(.data)
    motor_test_ms_tick                       0x2000004c   Data           4  motor_timer.o(.data)
    .bss                                     0x20000050   Section       64  usart.o(.bss)
    serial_rx_buffer                         0x20000050   Data          64  usart.o(.bss)
    .bss                                     0x20000090   Section       20  mycan.o(.bss)
    motor_feedback                           0x20000090   Data          20  mycan.o(.bss)
    STACK                                    0x200000a8   Section     1024  startup_stm32f40xx.o(STACK)

    Global Symbols

    Symbol Name                              Value     Ov Type        Size  Object(Section)

    BuildAttributes$$THM_ISAv4$E$P$D$K$B$S$7EM$VFPi3$EXTD16$VFPS$VFMA$PE$A:L22UL41UL21$X:L11$S22US41US21$IEEE1$IW$USESV6$~STKCKD$USESV7$~SHL$OSPACE$EBA8$MICROLIB$REQ8$PRES8$EABIv2 0x00000000   Number         0  anon$$obj.o ABSOLUTE
    __ARM_use_no_argv                        0x00000000   Number         0  main.o ABSOLUTE
    __cpp_initialize__aeabi_                  - Undefined Weak Reference
    __cxa_finalize                            - Undefined Weak Reference
    __decompress                              - Undefined Weak Reference
    _clock_init                               - Undefined Weak Reference
    _microlib_exit                            - Undefined Weak Reference
    __Vectors_Size                           0x00000188   Number         0  startup_stm32f40xx.o ABSOLUTE
    __Vectors                                0x08000000   Data           4  startup_stm32f40xx.o(RESET)
    __Vectors_End                            0x08000188   Data           0  startup_stm32f40xx.o(RESET)
    __main                                   0x08000189   Thumb Code     0  entry.o(.ARM.Collect$$$$00000000)
    _main_stk                                0x08000189   Thumb Code     0  entry2.o(.ARM.Collect$$$$00000001)
    _main_scatterload                        0x0800018d   Thumb Code     0  entry5.o(.ARM.Collect$$$$00000004)
    __main_after_scatterload                 0x08000191   Thumb Code     0  entry5.o(.ARM.Collect$$$$00000004)
    _main_clock                              0x08000191   Thumb Code     0  entry7b.o(.ARM.Collect$$$$00000008)
    _main_cpp_init                           0x08000191   Thumb Code     0  entry8b.o(.ARM.Collect$$$$0000000A)
    _main_init                               0x08000191   Thumb Code     0  entry9a.o(.ARM.Collect$$$$0000000B)
    __rt_final_cpp                           0x08000199   Thumb Code     0  entry10a.o(.ARM.Collect$$$$0000000D)
    __rt_final_exit                          0x08000199   Thumb Code     0  entry11a.o(.ARM.Collect$$$$0000000F)
    Reset_Handler                            0x0800019d   Thumb Code     8  startup_stm32f40xx.o(.text)
    ADC_IRQHandler                           0x080001b7   Thumb Code     0  startup_stm32f40xx.o(.text)
    CAN1_RX1_IRQHandler                      0x080001b7   Thumb Code     0  startup_stm32f40xx.o(.text)
    CAN1_SCE_IRQHandler                      0x080001b7   Thumb Code     0  startup_stm32f40xx.o(.text)
    CAN1_TX_IRQHandler                       0x080001b7   Thumb Code     0  startup_stm32f40xx.o(.text)
    CAN2_RX0_IRQHandler                      0x080001b7   Thumb Code     0  startup_stm32f40xx.o(.text)
    CAN2_SCE_IRQHandler                      0x080001b7   Thumb Code     0  startup_stm32f40xx.o(.text)
    CAN2_TX_IRQHandler                       0x080001b7   Thumb Code     0  startup_stm32f40xx.o(.text)
    CRYP_IRQHandler                          0x080001b7   Thumb Code     0  startup_stm32f40xx.o(.text)
    DCMI_IRQHandler                          0x080001b7   Thumb Code     0  startup_stm32f40xx.o(.text)
    DMA1_Stream0_IRQHandler                  0x080001b7   Thumb Code     0  startup_stm32f40xx.o(.text)
    DMA1_Stream1_IRQHandler                  0x080001b7   Thumb Code     0  startup_stm32f40xx.o(.text)
    DMA1_Stream2_IRQHandler                  0x080001b7   Thumb Code     0  startup_stm32f40xx.o(.text)
    DMA1_Stream3_IRQHandler                  0x080001b7   Thumb Code     0  startup_stm32f40xx.o(.text)
    DMA1_Stream4_IRQHandler                  0x080001b7   Thumb Code     0  startup_stm32f40xx.o(.text)
    DMA1_Stream5_IRQHandler                  0x080001b7   Thumb Code     0  startup_stm32f40xx.o(.text)
    DMA1_Stream6_IRQHandler                  0x080001b7   Thumb Code     0  startup_stm32f40xx.o(.text)
    DMA1_Stream7_IRQHandler                  0x080001b7   Thumb Code     0  startup_stm32f40xx.o(.text)
    DMA2_Stream0_IRQHandler                  0x080001b7   Thumb Code     0  startup_stm32f40xx.o(.text)
    DMA2_Stream1_IRQHandler                  0x080001b7   Thumb Code     0  startup_stm32f40xx.o(.text)
    DMA2_Stream2_IRQHandler                  0x080001b7   Thumb Code     0  startup_stm32f40xx.o(.text)
    DMA2_Stream3_IRQHandler                  0x080001b7   Thumb Code     0  startup_stm32f40xx.o(.text)
    DMA2_Stream4_IRQHandler                  0x080001b7   Thumb Code     0  startup_stm32f40xx.o(.text)
    DMA2_Stream5_IRQHandler                  0x080001b7   Thumb Code     0  startup_stm32f40xx.o(.text)
    DMA2_Stream6_IRQHandler                  0x080001b7   Thumb Code     0  startup_stm32f40xx.o(.text)
    DMA2_Stream7_IRQHandler                  0x080001b7   Thumb Code     0  startup_stm32f40xx.o(.text)
    ETH_IRQHandler                           0x080001b7   Thumb Code     0  startup_stm32f40xx.o(.text)
    ETH_WKUP_IRQHandler                      0x080001b7   Thumb Code     0  startup_stm32f40xx.o(.text)
    EXTI0_IRQHandler                         0x080001b7   Thumb Code     0  startup_stm32f40xx.o(.text)
    EXTI15_10_IRQHandler                     0x080001b7   Thumb Code     0  startup_stm32f40xx.o(.text)
    EXTI1_IRQHandler                         0x080001b7   Thumb Code     0  startup_stm32f40xx.o(.text)
    EXTI2_IRQHandler                         0x080001b7   Thumb Code     0  startup_stm32f40xx.o(.text)
    EXTI3_IRQHandler                         0x080001b7   Thumb Code     0  startup_stm32f40xx.o(.text)
    EXTI4_IRQHandler                         0x080001b7   Thumb Code     0  startup_stm32f40xx.o(.text)
    EXTI9_5_IRQHandler                       0x080001b7   Thumb Code     0  startup_stm32f40xx.o(.text)
    FLASH_IRQHandler                         0x080001b7   Thumb Code     0  startup_stm32f40xx.o(.text)
    FPU_IRQHandler                           0x080001b7   Thumb Code     0  startup_stm32f40xx.o(.text)
    FSMC_IRQHandler                          0x080001b7   Thumb Code     0  startup_stm32f40xx.o(.text)
    HASH_RNG_IRQHandler                      0x080001b7   Thumb Code     0  startup_stm32f40xx.o(.text)
    I2C1_ER_IRQHandler                       0x080001b7   Thumb Code     0  startup_stm32f40xx.o(.text)
    I2C1_EV_IRQHandler                       0x080001b7   Thumb Code     0  startup_stm32f40xx.o(.text)
    I2C2_ER_IRQHandler                       0x080001b7   Thumb Code     0  startup_stm32f40xx.o(.text)
    I2C2_EV_IRQHandler                       0x080001b7   Thumb Code     0  startup_stm32f40xx.o(.text)
    I2C3_ER_IRQHandler                       0x080001b7   Thumb Code     0  startup_stm32f40xx.o(.text)
    I2C3_EV_IRQHandler                       0x080001b7   Thumb Code     0  startup_stm32f40xx.o(.text)
    OTG_FS_IRQHandler                        0x080001b7   Thumb Code     0  startup_stm32f40xx.o(.text)
    OTG_FS_WKUP_IRQHandler                   0x080001b7   Thumb Code     0  startup_stm32f40xx.o(.text)
    OTG_HS_EP1_IN_IRQHandler                 0x080001b7   Thumb Code     0  startup_stm32f40xx.o(.text)
    OTG_HS_EP1_OUT_IRQHandler                0x080001b7   Thumb Code     0  startup_stm32f40xx.o(.text)
    OTG_HS_IRQHandler                        0x080001b7   Thumb Code     0  startup_stm32f40xx.o(.text)
    OTG_HS_WKUP_IRQHandler                   0x080001b7   Thumb Code     0  startup_stm32f40xx.o(.text)
    PVD_IRQHandler                           0x080001b7   Thumb Code     0  startup_stm32f40xx.o(.text)
    RCC_IRQHandler                           0x080001b7   Thumb Code     0  startup_stm32f40xx.o(.text)
    RTC_Alarm_IRQHandler                     0x080001b7   Thumb Code     0  startup_stm32f40xx.o(.text)
    RTC_WKUP_IRQHandler                      0x080001b7   Thumb Code     0  startup_stm32f40xx.o(.text)
    SDIO_IRQHandler                          0x080001b7   Thumb Code     0  startup_stm32f40xx.o(.text)
    SPI1_IRQHandler                          0x080001b7   Thumb Code     0  startup_stm32f40xx.o(.text)
    SPI2_IRQHandler                          0x080001b7   Thumb Code     0  startup_stm32f40xx.o(.text)
    SPI3_IRQHandler                          0x080001b7   Thumb Code     0  startup_stm32f40xx.o(.text)
    TAMP_STAMP_IRQHandler                    0x080001b7   Thumb Code     0  startup_stm32f40xx.o(.text)
    TIM1_BRK_TIM9_IRQHandler                 0x080001b7   Thumb Code     0  startup_stm32f40xx.o(.text)
    TIM1_CC_IRQHandler                       0x080001b7   Thumb Code     0  startup_stm32f40xx.o(.text)
    TIM1_TRG_COM_TIM11_IRQHandler            0x080001b7   Thumb Code     0  startup_stm32f40xx.o(.text)
    TIM1_UP_TIM10_IRQHandler                 0x080001b7   Thumb Code     0  startup_stm32f40xx.o(.text)
    TIM3_IRQHandler                          0x080001b7   Thumb Code     0  startup_stm32f40xx.o(.text)
    TIM4_IRQHandler                          0x080001b7   Thumb Code     0  startup_stm32f40xx.o(.text)
    TIM5_IRQHandler                          0x080001b7   Thumb Code     0  startup_stm32f40xx.o(.text)
    TIM6_DAC_IRQHandler                      0x080001b7   Thumb Code     0  startup_stm32f40xx.o(.text)
    TIM7_IRQHandler                          0x080001b7   Thumb Code     0  startup_stm32f40xx.o(.text)
    TIM8_BRK_TIM12_IRQHandler                0x080001b7   Thumb Code     0  startup_stm32f40xx.o(.text)
    TIM8_CC_IRQHandler                       0x080001b7   Thumb Code     0  startup_stm32f40xx.o(.text)
    TIM8_TRG_COM_TIM14_IRQHandler            0x080001b7   Thumb Code     0  startup_stm32f40xx.o(.text)
    TIM8_UP_TIM13_IRQHandler                 0x080001b7   Thumb Code     0  startup_stm32f40xx.o(.text)
    UART4_IRQHandler                         0x080001b7   Thumb Code     0  startup_stm32f40xx.o(.text)
    UART5_IRQHandler                         0x080001b7   Thumb Code     0  startup_stm32f40xx.o(.text)
    USART2_IRQHandler                        0x080001b7   Thumb Code     0  startup_stm32f40xx.o(.text)
    USART3_IRQHandler                        0x080001b7   Thumb Code     0  startup_stm32f40xx.o(.text)
    USART6_IRQHandler                        0x080001b7   Thumb Code     0  startup_stm32f40xx.o(.text)
    WWDG_IRQHandler                          0x080001b7   Thumb Code     0  startup_stm32f40xx.o(.text)
    __aeabi_memcpy                           0x080001c1   Thumb Code    36  memcpya.o(.text)
    __aeabi_memcpy4                          0x080001c1   Thumb Code     0  memcpya.o(.text)
    __aeabi_memcpy8                          0x080001c1   Thumb Code     0  memcpya.o(.text)
    __scatterload                            0x080001e5   Thumb Code    28  init.o(.text)
    __scatterload_rt2                        0x080001e5   Thumb Code     0  init.o(.text)
    BusFault_Handler                         0x08000387   Thumb Code     4  stm32f4xx_it.o(i.BusFault_Handler)
    CAN1_RX0_IRQHandler                      0x0800038d   Thumb Code    38  mycan.o(i.CAN1_RX0_IRQHandler)
    CAN2_RX1_IRQHandler                      0x080003b9   Thumb Code    32  mycan.o(i.CAN2_RX1_IRQHandler)
    CAN_DeInit                               0x080003dd   Thumb Code    50  stm32f4xx_can.o(i.CAN_DeInit)
    CAN_FilterInit                           0x08000415   Thumb Code   258  stm32f4xx_can.o(i.CAN_FilterInit)
    CAN_ITConfig                             0x0800051d   Thumb Code    18  stm32f4xx_can.o(i.CAN_ITConfig)
    CAN_Init                                 0x0800052f   Thumb Code   276  stm32f4xx_can.o(i.CAN_Init)
    CAN_MessagePending                       0x08000643   Thumb Code    30  stm32f4xx_can.o(i.CAN_MessagePending)
    CAN_Receive                              0x08000661   Thumb Code   232  stm32f4xx_can.o(i.CAN_Receive)
    CAN_SlaveStartBank                       0x08000749   Thumb Code    48  stm32f4xx_can.o(i.CAN_SlaveStartBank)
    CAN_StructInit                           0x0800077d   Thumb Code    32  stm32f4xx_can.o(i.CAN_StructInit)
    CAN_Transmit                             0x0800079d   Thumb Code   294  stm32f4xx_can.o(i.CAN_Transmit)
    CAN_TransmitStatus                       0x080008c5   Thumb Code   138  stm32f4xx_can.o(i.CAN_TransmitStatus)
    DebugMon_Handler                         0x08000985   Thumb Code     2  stm32f4xx_it.o(i.DebugMon_Handler)
    GPIO_Init                                0x08000987   Thumb Code   144  stm32f4xx_gpio.o(i.GPIO_Init)
    GPIO_PinAFConfig                         0x08000a17   Thumb Code    70  stm32f4xx_gpio.o(i.GPIO_PinAFConfig)
    GPIO_StructInit                          0x08000a5d   Thumb Code    18  stm32f4xx_gpio.o(i.GPIO_StructInit)
    HardFault_Handler                        0x08000a6f   Thumb Code     4  stm32f4xx_it.o(i.HardFault_Handler)
    MemManage_Handler                        0x08000a73   Thumb Code     4  stm32f4xx_it.o(i.MemManage_Handler)
    Motor_Test_GetCommandRaw                 0x08000a79   Thumb Code    14  motor.o(i.Motor_Test_GetCommandRaw)
    Motor_Test_GetStatus                     0x08000a8d   Thumb Code   132  motor.o(i.Motor_Test_GetStatus)
    Motor_Test_HandleCommand                 0x08000b29   Thumb Code   626  motor.o(i.Motor_Test_HandleCommand)
    Motor_Test_Init                          0x08000ebd   Thumb Code    52  motor.o(i.Motor_Test_Init)
    Motor_Test_PrintHelp                     0x08000f19   Thumb Code    72  motor.o(i.Motor_Test_PrintHelp)
    Motor_Test_ResultName                    0x080010f5   Thumb Code    60  motor.o(i.Motor_Test_ResultName)
    Motor_Test_Update                        0x080011a9   Thumb Code   556  motor.o(i.Motor_Test_Update)
    Motor_Timer_GetTick                      0x080014c1   Thumb Code     6  motor_timer.o(i.Motor_Timer_GetTick)
    Motor_Timer_Init                         0x080014cd   Thumb Code   106  motor_timer.o(i.Motor_Timer_Init)
    MyCAN_GetErrorStatus                     0x080015bd   Thumb Code    10  mycan.o(i.MyCAN_GetErrorStatus)
    MyCAN_GetMotorFeedback                   0x080015c9   Thumb Code    94  mycan.o(i.MyCAN_GetMotorFeedback)
    MyCAN_GetTxFailCount                     0x0800162d   Thumb Code     6  mycan.o(i.MyCAN_GetTxFailCount)
    MyCAN_GetTxOkCount                       0x08001639   Thumb Code     6  mycan.o(i.MyCAN_GetTxOkCount)
    MyCAN_Init                               0x08001645   Thumb Code   148  mycan.o(i.MyCAN_Init)
    MyCAN_SendMotorCommand                   0x08001749   Thumb Code   218  mycan.o(i.MyCAN_SendMotorCommand)
    NMI_Handler                              0x0800182d   Thumb Code     2  stm32f4xx_it.o(i.NMI_Handler)
    NVIC_Init                                0x08001831   Thumb Code   106  misc.o(i.NVIC_Init)
    NVIC_PriorityGroupConfig                 0x080018a9   Thumb Code    10  misc.o(i.NVIC_PriorityGroupConfig)
    PendSV_Handler                           0x080018bd   Thumb Code     2  stm32f4xx_it.o(i.PendSV_Handler)
    RCC_AHB1PeriphClockCmd                   0x080018c1   Thumb Code    26  stm32f4xx_rcc.o(i.RCC_AHB1PeriphClockCmd)
    RCC_APB1PeriphClockCmd                   0x080018e1   Thumb Code    26  stm32f4xx_rcc.o(i.RCC_APB1PeriphClockCmd)
    RCC_APB1PeriphResetCmd                   0x08001901   Thumb Code    26  stm32f4xx_rcc.o(i.RCC_APB1PeriphResetCmd)
    RCC_APB2PeriphClockCmd                   0x08001921   Thumb Code    26  stm32f4xx_rcc.o(i.RCC_APB2PeriphClockCmd)
    RCC_GetClocksFreq                        0x08001941   Thumb Code   214  stm32f4xx_rcc.o(i.RCC_GetClocksFreq)
    SVC_Handler                              0x08001a81   Thumb Code     2  stm32f4xx_it.o(i.SVC_Handler)
    Serial_Init                              0x08001a85   Thumb Code   192  usart.o(i.Serial_Init)
    Serial_Printf                            0x08001b51   Thumb Code   336  usart.o(i.Serial_Printf)
    Serial_ReadByte                          0x08001ca9   Thumb Code    48  usart.o(i.Serial_ReadByte)
    Serial_SendArray                         0x08001ce5   Thumb Code    46  usart.o(i.Serial_SendArray)
    Serial_SendByte                          0x08001d19   Thumb Code    28  usart.o(i.Serial_SendByte)
    Serial_SendString                        0x08001d5d   Thumb Code    28  usart.o(i.Serial_SendString)
    SysTick_Handler                          0x08001f21   Thumb Code     2  stm32f4xx_it.o(i.SysTick_Handler)
    SystemInit                               0x08001f25   Thumb Code    88  system_stm32f4xx.o(i.SystemInit)
    TIM2_IRQHandler                          0x08001f8d   Thumb Code    32  motor_timer.o(i.TIM2_IRQHandler)
    TIM_ClearITPendingBit                    0x08001fb1   Thumb Code     6  stm32f4xx_tim.o(i.TIM_ClearITPendingBit)
    TIM_Cmd                                  0x08001fb7   Thumb Code    24  stm32f4xx_tim.o(i.TIM_Cmd)
    TIM_GetITStatus                          0x08001fcf   Thumb Code    34  stm32f4xx_tim.o(i.TIM_GetITStatus)
    TIM_ITConfig                             0x08001ff1   Thumb Code    18  stm32f4xx_tim.o(i.TIM_ITConfig)
    TIM_TimeBaseInit                         0x08002005   Thumb Code   104  stm32f4xx_tim.o(i.TIM_TimeBaseInit)
    TIM_TimeBaseStructInit                   0x08002089   Thumb Code    18  stm32f4xx_tim.o(i.TIM_TimeBaseStructInit)
    USART1_IRQHandler                        0x080020a5   Thumb Code    96  usart.o(i.USART1_IRQHandler)
    USART_Cmd                                0x08002119   Thumb Code    24  stm32f4xx_usart.o(i.USART_Cmd)
    USART_GetFlagStatus                      0x08002131   Thumb Code    26  stm32f4xx_usart.o(i.USART_GetFlagStatus)
    USART_GetITStatus                        0x0800214b   Thumb Code    84  stm32f4xx_usart.o(i.USART_GetITStatus)
    USART_ITConfig                           0x0800219f   Thumb Code    74  stm32f4xx_usart.o(i.USART_ITConfig)
    USART_Init                               0x080021e9   Thumb Code   204  stm32f4xx_usart.o(i.USART_Init)
    USART_ReceiveData                        0x080022bd   Thumb Code    10  stm32f4xx_usart.o(i.USART_ReceiveData)
    USART_SendData                           0x080022c7   Thumb Code     8  stm32f4xx_usart.o(i.USART_SendData)
    USART_StructInit                         0x080022cf   Thumb Code    24  stm32f4xx_usart.o(i.USART_StructInit)
    UsageFault_Handler                       0x080022e7   Thumb Code     4  stm32f4xx_it.o(i.UsageFault_Handler)
    Vofa_Init                                0x080022eb   Thumb Code     2  vofa.o(i.Vofa_Init)
    Vofa_SendDataWithLabel                   0x080022ed   Thumb Code   130  vofa.o(i.Vofa_SendDataWithLabel)
    Vofa_SendMotorStatus                     0x08002371   Thumb Code   248  vofa.o(i.Vofa_SendMotorStatus)
    __scatterload_copy                       0x08002475   Thumb Code    14  handlers.o(i.__scatterload_copy)
    __scatterload_null                       0x08002483   Thumb Code     2  handlers.o(i.__scatterload_null)
    __scatterload_zeroinit                   0x08002485   Thumb Code    14  handlers.o(i.__scatterload_zeroinit)
    main                                     0x08002495   Thumb Code   212  main.o(i.main)
    Region$$Table$$Base                      0x0800257c   Number         0  anon$$obj.o(Region$$Table)
    Region$$Table$$Limit                     0x0800259c   Number         0  anon$$obj.o(Region$$Table)
    __initial_sp                             0x200004a8   Data           0  startup_stm32f40xx.o(STACK)



==============================================================================

Memory Map of the image

  Image Entry point : 0x08000189

  Load Region LR_IROM1 (Base: 0x08000000, Size: 0x000025ec, Max: 0x00100000, ABSOLUTE)

    Execution Region ER_IROM1 (Exec base: 0x08000000, Load base: 0x08000000, Size: 0x0000259c, Max: 0x00100000, ABSOLUTE)

    Exec Addr    Load Addr    Size         Type   Attr      Idx    E Section Name        Object

    0x08000000   0x08000000   0x00000188   Data   RO         5241    RESET               startup_stm32f40xx.o
    0x08000188   0x08000188   0x00000000   Code   RO         5628  * .ARM.Collect$$$$00000000  mc_w.l(entry.o)
    0x08000188   0x08000188   0x00000004   Code   RO         5635    .ARM.Collect$$$$00000001  mc_w.l(entry2.o)
    0x0800018c   0x0800018c   0x00000004   Code   RO         5638    .ARM.Collect$$$$00000004  mc_w.l(entry5.o)
    0x08000190   0x08000190   0x00000000   Code   RO         5640    .ARM.Collect$$$$00000008  mc_w.l(entry7b.o)
    0x08000190   0x08000190   0x00000000   Code   RO         5642    .ARM.Collect$$$$0000000A  mc_w.l(entry8b.o)
    0x08000190   0x08000190   0x00000008   Code   RO         5643    .ARM.Collect$$$$0000000B  mc_w.l(entry9a.o)
    0x08000198   0x08000198   0x00000000   Code   RO         5645    .ARM.Collect$$$$0000000D  mc_w.l(entry10a.o)
    0x08000198   0x08000198   0x00000000   Code   RO         5647    .ARM.Collect$$$$0000000F  mc_w.l(entry11a.o)
    0x08000198   0x08000198   0x00000004   Code   RO         5636    .ARM.Collect$$$$00002712  mc_w.l(entry2.o)
    0x0800019c   0x0800019c   0x00000024   Code   RO         5242    .text               startup_stm32f40xx.o
    0x080001c0   0x080001c0   0x00000024   Code   RO         5631    .text               mc_w.l(memcpya.o)
    0x080001e4   0x080001e4   0x00000024   Code   RO         5649    .text               mc_w.l(init.o)
    0x08000208   0x08000208   0x00000016   Code   RO         5560    i.AppendChar        vofa.o
    0x0800021e   0x0800021e   0x00000002   PAD
    0x08000220   0x08000220   0x000000d8   Code   RO         5561    i.AppendFloatFixed3  vofa.o
    0x080002f8   0x080002f8   0x00000026   Code   RO         5562    i.AppendString      vofa.o
    0x0800031e   0x0800031e   0x00000068   Code   RO         5563    i.AppendUnsigned    vofa.o
    0x08000386   0x08000386   0x00000004   Code   RO          155    i.BusFault_Handler  stm32f4xx_it.o
    0x0800038a   0x0800038a   0x00000002   PAD
    0x0800038c   0x0800038c   0x0000002c   Code   RO         5331    i.CAN1_RX0_IRQHandler  mycan.o
    0x080003b8   0x080003b8   0x00000024   Code   RO         5332    i.CAN2_RX1_IRQHandler  mycan.o
    0x080003dc   0x080003dc   0x00000038   Code   RO          670    i.CAN_DeInit        stm32f4xx_can.o
    0x08000414   0x08000414   0x00000108   Code   RO          672    i.CAN_FilterInit    stm32f4xx_can.o
    0x0800051c   0x0800051c   0x00000012   Code   RO          678    i.CAN_ITConfig      stm32f4xx_can.o
    0x0800052e   0x0800052e   0x00000114   Code   RO          679    i.CAN_Init          stm32f4xx_can.o
    0x08000642   0x08000642   0x0000001e   Code   RO          680    i.CAN_MessagePending  stm32f4xx_can.o
    0x08000660   0x08000660   0x000000e8   Code   RO          682    i.CAN_Receive       stm32f4xx_can.o
    0x08000748   0x08000748   0x00000034   Code   RO          683    i.CAN_SlaveStartBank  stm32f4xx_can.o
    0x0800077c   0x0800077c   0x00000020   Code   RO          685    i.CAN_StructInit    stm32f4xx_can.o
    0x0800079c   0x0800079c   0x00000126   Code   RO          687    i.CAN_Transmit      stm32f4xx_can.o
    0x080008c2   0x080008c2   0x00000002   PAD
    0x080008c4   0x080008c4   0x000000a0   Code   RO          688    i.CAN_TransmitStatus  stm32f4xx_can.o
    0x08000964   0x08000964   0x00000020   Code   RO         5423    i.ClampCommand      motor.o
    0x08000984   0x08000984   0x00000002   Code   RO          156    i.DebugMon_Handler  stm32f4xx_it.o
    0x08000986   0x08000986   0x00000090   Code   RO         2112    i.GPIO_Init         stm32f4xx_gpio.o
    0x08000a16   0x08000a16   0x00000046   Code   RO         2113    i.GPIO_PinAFConfig  stm32f4xx_gpio.o
    0x08000a5c   0x08000a5c   0x00000012   Code   RO         2121    i.GPIO_StructInit   stm32f4xx_gpio.o
    0x08000a6e   0x08000a6e   0x00000004   Code   RO          157    i.HardFault_Handler  stm32f4xx_it.o
    0x08000a72   0x08000a72   0x00000004   Code   RO          158    i.MemManage_Handler  stm32f4xx_it.o
    0x08000a76   0x08000a76   0x00000002   PAD
    0x08000a78   0x08000a78   0x00000014   Code   RO         5424    i.Motor_Test_GetCommandRaw  motor.o
    0x08000a8c   0x08000a8c   0x0000009c   Code   RO         5425    i.Motor_Test_GetStatus  motor.o
    0x08000b28   0x08000b28   0x00000394   Code   RO         5426    i.Motor_Test_HandleCommand  motor.o
    0x08000ebc   0x08000ebc   0x0000005c   Code   RO         5427    i.Motor_Test_Init   motor.o
    0x08000f18   0x08000f18   0x000001dc   Code   RO         5429    i.Motor_Test_PrintHelp  motor.o
    0x080010f4   0x080010f4   0x000000b4   Code   RO         5430    i.Motor_Test_ResultName  motor.o
    0x080011a8   0x080011a8   0x00000318   Code   RO         5431    i.Motor_Test_Update  motor.o
    0x080014c0   0x080014c0   0x0000000c   Code   RO         5519    i.Motor_Timer_GetTick  motor_timer.o
    0x080014cc   0x080014cc   0x0000006a   Code   RO         5520    i.Motor_Timer_Init  motor_timer.o
    0x08001536   0x08001536   0x00000034   Code   RO         5333    i.MyCAN_Filter_Config  mycan.o
    0x0800156a   0x0800156a   0x00000002   PAD
    0x0800156c   0x0800156c   0x00000050   Code   RO         5334    i.MyCAN_GPIO_Config  mycan.o
    0x080015bc   0x080015bc   0x0000000a   Code   RO         5335    i.MyCAN_GetErrorStatus  mycan.o
    0x080015c6   0x080015c6   0x00000002   PAD
    0x080015c8   0x080015c8   0x00000064   Code   RO         5336    i.MyCAN_GetMotorFeedback  mycan.o
    0x0800162c   0x0800162c   0x0000000c   Code   RO         5337    i.MyCAN_GetTxFailCount  mycan.o
    0x08001638   0x08001638   0x0000000c   Code   RO         5338    i.MyCAN_GetTxOkCount  mycan.o
    0x08001644   0x08001644   0x00000098   Code   RO         5339    i.MyCAN_Init        mycan.o
    0x080016dc   0x080016dc   0x0000006c   Code   RO         5340    i.MyCAN_ParseFeedback  mycan.o
    0x08001748   0x08001748   0x000000e4   Code   RO         5341    i.MyCAN_SendMotorCommand  mycan.o
    0x0800182c   0x0800182c   0x00000002   Code   RO          159    i.NMI_Handler       stm32f4xx_it.o
    0x0800182e   0x0800182e   0x00000002   PAD
    0x08001830   0x08001830   0x00000078   Code   RO          372    i.NVIC_Init         misc.o
    0x080018a8   0x080018a8   0x00000014   Code   RO          373    i.NVIC_PriorityGroupConfig  misc.o
    0x080018bc   0x080018bc   0x00000002   Code   RO          160    i.PendSV_Handler    stm32f4xx_it.o
    0x080018be   0x080018be   0x00000002   PAD
    0x080018c0   0x080018c0   0x00000020   Code   RO         3038    i.RCC_AHB1PeriphClockCmd  stm32f4xx_rcc.o
    0x080018e0   0x080018e0   0x00000020   Code   RO         3047    i.RCC_APB1PeriphClockCmd  stm32f4xx_rcc.o
    0x08001900   0x08001900   0x00000020   Code   RO         3049    i.RCC_APB1PeriphResetCmd  stm32f4xx_rcc.o
    0x08001920   0x08001920   0x00000020   Code   RO         3050    i.RCC_APB2PeriphClockCmd  stm32f4xx_rcc.o
    0x08001940   0x08001940   0x000000e8   Code   RO         3059    i.RCC_GetClocksFreq  stm32f4xx_rcc.o
    0x08001a28   0x08001a28   0x00000024   Code   RO         5432    i.RawCommandToDisplay  motor.o
    0x08001a4c   0x08001a4c   0x00000014   Code   RO         5433    i.RawCommandToMilliDisplay  motor.o
    0x08001a60   0x08001a60   0x00000020   Code   RO         5434    i.RawFeedbackToAmp  motor.o
    0x08001a80   0x08001a80   0x00000002   Code   RO          161    i.SVC_Handler       stm32f4xx_it.o
    0x08001a82   0x08001a82   0x00000002   PAD
    0x08001a84   0x08001a84   0x000000cc   Code   RO         5250    i.Serial_Init       usart.o
    0x08001b50   0x08001b50   0x00000158   Code   RO         5251    i.Serial_Printf     usart.o
    0x08001ca8   0x08001ca8   0x0000003c   Code   RO         5252    i.Serial_ReadByte   usart.o
    0x08001ce4   0x08001ce4   0x00000034   Code   RO         5253    i.Serial_SendArray  usart.o
    0x08001d18   0x08001d18   0x00000020   Code   RO         5254    i.Serial_SendByte   usart.o
    0x08001d38   0x08001d38   0x00000024   Code   RO         5255    i.Serial_SendSignedLong  usart.o
    0x08001d5c   0x08001d5c   0x0000001c   Code   RO         5256    i.Serial_SendString  usart.o
    0x08001d78   0x08001d78   0x00000080   Code   RO         5257    i.Serial_SendUnsignedLong  usart.o
    0x08001df8   0x08001df8   0x000000ec   Code   RO          331    i.SetSysClock       system_stm32f4xx.o
    0x08001ee4   0x08001ee4   0x0000003c   Code   RO         5435    i.StopMotor         motor.o
    0x08001f20   0x08001f20   0x00000002   Code   RO          162    i.SysTick_Handler   stm32f4xx_it.o
    0x08001f22   0x08001f22   0x00000002   PAD
    0x08001f24   0x08001f24   0x00000068   Code   RO          333    i.SystemInit        system_stm32f4xx.o
    0x08001f8c   0x08001f8c   0x00000024   Code   RO         5521    i.TIM2_IRQHandler   motor_timer.o
    0x08001fb0   0x08001fb0   0x00000006   Code   RO         4429    i.TIM_ClearITPendingBit  stm32f4xx_tim.o
    0x08001fb6   0x08001fb6   0x00000018   Code   RO         4434    i.TIM_Cmd           stm32f4xx_tim.o
    0x08001fce   0x08001fce   0x00000022   Code   RO         4455    i.TIM_GetITStatus   stm32f4xx_tim.o
    0x08001ff0   0x08001ff0   0x00000012   Code   RO         4459    i.TIM_ITConfig      stm32f4xx_tim.o
    0x08002002   0x08002002   0x00000002   PAD
    0x08002004   0x08002004   0x00000084   Code   RO         4506    i.TIM_TimeBaseInit  stm32f4xx_tim.o
    0x08002088   0x08002088   0x00000012   Code   RO         4507    i.TIM_TimeBaseStructInit  stm32f4xx_tim.o
    0x0800209a   0x0800209a   0x00000002   PAD
    0x0800209c   0x0800209c   0x00000008   Code   RO         5342    i.TestCAN           mycan.o
    0x080020a4   0x080020a4   0x00000074   Code   RO         5258    i.USART1_IRQHandler  usart.o
    0x08002118   0x08002118   0x00000018   Code   RO         4988    i.USART_Cmd         stm32f4xx_usart.o
    0x08002130   0x08002130   0x0000001a   Code   RO         4991    i.USART_GetFlagStatus  stm32f4xx_usart.o
    0x0800214a   0x0800214a   0x00000054   Code   RO         4992    i.USART_GetITStatus  stm32f4xx_usart.o
    0x0800219e   0x0800219e   0x0000004a   Code   RO         4994    i.USART_ITConfig    stm32f4xx_usart.o
    0x080021e8   0x080021e8   0x000000d4   Code   RO         4995    i.USART_Init        stm32f4xx_usart.o
    0x080022bc   0x080022bc   0x0000000a   Code   RO         5002    i.USART_ReceiveData  stm32f4xx_usart.o
    0x080022c6   0x080022c6   0x00000008   Code   RO         5005    i.USART_SendData    stm32f4xx_usart.o
    0x080022ce   0x080022ce   0x00000018   Code   RO         5011    i.USART_StructInit  stm32f4xx_usart.o
    0x080022e6   0x080022e6   0x00000004   Code   RO          163    i.UsageFault_Handler  stm32f4xx_it.o
    0x080022ea   0x080022ea   0x00000002   Code   RO         5564    i.Vofa_Init         vofa.o
    0x080022ec   0x080022ec   0x00000082   Code   RO         5566    i.Vofa_SendDataWithLabel  vofa.o
    0x0800236e   0x0800236e   0x00000002   PAD
    0x08002370   0x08002370   0x00000104   Code   RO         5567    i.Vofa_SendMotorStatus  vofa.o
    0x08002474   0x08002474   0x0000000e   Code   RO         5653    i.__scatterload_copy  mc_w.l(handlers.o)
    0x08002482   0x08002482   0x00000002   Code   RO         5654    i.__scatterload_null  mc_w.l(handlers.o)
    0x08002484   0x08002484   0x0000000e   Code   RO         5655    i.__scatterload_zeroinit  mc_w.l(handlers.o)
    0x08002492   0x08002492   0x00000002   PAD
    0x08002494   0x08002494   0x000000e8   Code   RO            4    i.main              main.o
    0x0800257c   0x0800257c   0x00000020   Data   RO         5651    Region$$Table       anon$$obj.o


    Execution Region RW_IRAM2 (Exec base: 0x10000000, Load base: 0x080025ec, Size: 0x00000000, Max: 0x00010000, ABSOLUTE)

    **** No section assigned to this execution region ****


    Execution Region RW_IRAM1 (Exec base: 0x20000000, Load base: 0x0800259c, Size: 0x000004a8, Max: 0x00020000, ABSOLUTE)

    Exec Addr    Load Addr    Size         Type   Attr      Idx    E Section Name        Object

    0x20000000   0x0800259c   0x00000014   Data   RW            5    .data               main.o
    0x20000014   0x080025b0   0x00000010   Data   RW         3091    .data               stm32f4xx_rcc.o
    0x20000024   0x080025c0   0x00000006   Data   RW         5260    .data               usart.o
    0x2000002a   0x080025c6   0x00000002   PAD
    0x2000002c   0x080025c8   0x00000008   Data   RW         5344    .data               mycan.o
    0x20000034   0x080025d0   0x00000017   Data   RW         5436    .data               motor.o
    0x2000004b   0x080025e7   0x00000001   PAD
    0x2000004c   0x080025e8   0x00000004   Data   RW         5522    .data               motor_timer.o
    0x20000050        -       0x00000040   Zero   RW         5259    .bss                usart.o
    0x20000090        -       0x00000014   Zero   RW         5343    .bss                mycan.o
    0x200000a4   0x080025ec   0x00000004   PAD
    0x200000a8        -       0x00000400   Zero   RW         5239    STACK               startup_stm32f40xx.o


==============================================================================

Image component sizes


      Code (inc. data)   RO Data    RW Data    ZI Data      Debug   Object Name

       232         20          0         20          0     267571   main.o
       140         24          0          0          0       1743   misc.o
      2812       1178          0         23          0       8586   motor.o
       154         10          0          4          0       2127   motor_timer.o
       842         58          0          8         20       9454   mycan.o
        36          8        392          0       1024        868   startup_stm32f40xx.o
      1414         38          0          0          0       8149   stm32f4xx_can.o
       232          0          0          0          0       2569   stm32f4xx_gpio.o
        26          0          0          0          0     299630   stm32f4xx_it.o
       360         42          0         16          0       5660   stm32f4xx_rcc.o
       232         28          0          0          0       4667   stm32f4xx_tim.o
       462          8          0          0          0       6576   stm32f4xx_usart.o
       340         32          0          0          0       1537   system_stm32f4xx.o
      1000        102          0          6         64       7585   usart.o
       772         26          0          0          0       5596   vofa.o

    ----------------------------------------------------------------------
      9080       1574        424         80       1112     632318   Object Totals
         0          0         32          0          0          0   (incl. Generated)
        26          0          0          3          4          0   (incl. Padding)

    ----------------------------------------------------------------------

      Code (inc. data)   RO Data    RW Data    ZI Data      Debug   Library Member Name

         0          0          0          0          0          0   entry.o
         0          0          0          0          0          0   entry10a.o
         0          0          0          0          0          0   entry11a.o
         8          4          0          0          0          0   entry2.o
         4          0          0          0          0          0   entry5.o
         0          0          0          0          0          0   entry7b.o
         0          0          0          0          0          0   entry8b.o
         8          4          0          0          0          0   entry9a.o
        30          0          0          0          0          0   handlers.o
        36          8          0          0          0         68   init.o
        36          0          0          0          0         68   memcpya.o

    ----------------------------------------------------------------------
       124         16          0          0          0        136   Library Totals
         2          0          0          0          0          0   (incl. Padding)

    ----------------------------------------------------------------------

      Code (inc. data)   RO Data    RW Data    ZI Data      Debug   Library Name

       122         16          0          0          0        136   mc_w.l

    ----------------------------------------------------------------------
       124         16          0          0          0        136   Library Totals

    ----------------------------------------------------------------------

==============================================================================


      Code (inc. data)   RO Data    RW Data    ZI Data      Debug   

      9204       1590        424         80       1112     624358   Grand Totals
      9204       1590        424         80       1112     624358   ELF Image Totals
      9204       1590        424         80          0          0   ROM Totals

==============================================================================

    Total RO  Size (Code + RO Data)                 9628 (   9.40kB)
    Total RW  Size (RW Data + ZI Data)              1192 (   1.16kB)
    Total ROM Size (Code + RO Data + RW Data)       9708 (   9.48kB)

==============================================================================

